Archive member included to satisfy reference by file (symbol)

c:/ac6/systemworkbench/plugins/fr.ac6.mcu.externaltools.arm-none.win32_1.16.0.201807130628/tools/compiler/bin/../lib/gcc/arm-none-eabi/7.2.1/../../../../arm-none-eabi/lib/thumb/v7-m\libm.a(lib_a-w_pow.o)
                              src/send.o (pow)
c:/ac6/systemworkbench/plugins/fr.ac6.mcu.externaltools.arm-none.win32_1.16.0.201807130628/tools/compiler/bin/../lib/gcc/arm-none-eabi/7.2.1/../../../../arm-none-eabi/lib/thumb/v7-m\libm.a(lib_a-e_pow.o)
                              c:/ac6/systemworkbench/plugins/fr.ac6.mcu.externaltools.arm-none.win32_1.16.0.201807130628/tools/compiler/bin/../lib/gcc/arm-none-eabi/7.2.1/../../../../arm-none-eabi/lib/thumb/v7-m\libm.a(lib_a-w_pow.o) (__ieee754_pow)
c:/ac6/systemworkbench/plugins/fr.ac6.mcu.externaltools.arm-none.win32_1.16.0.201807130628/tools/compiler/bin/../lib/gcc/arm-none-eabi/7.2.1/../../../../arm-none-eabi/lib/thumb/v7-m\libm.a(lib_a-e_sqrt.o)
                              c:/ac6/systemworkbench/plugins/fr.ac6.mcu.externaltools.arm-none.win32_1.16.0.201807130628/tools/compiler/bin/../lib/gcc/arm-none-eabi/7.2.1/../../../../arm-none-eabi/lib/thumb/v7-m\libm.a(lib_a-e_pow.o) (__ieee754_sqrt)
c:/ac6/systemworkbench/plugins/fr.ac6.mcu.externaltools.arm-none.win32_1.16.0.201807130628/tools/compiler/bin/../lib/gcc/arm-none-eabi/7.2.1/../../../../arm-none-eabi/lib/thumb/v7-m\libm.a(lib_a-s_fabs.o)
                              c:/ac6/systemworkbench/plugins/fr.ac6.mcu.externaltools.arm-none.win32_1.16.0.201807130628/tools/compiler/bin/../lib/gcc/arm-none-eabi/7.2.1/../../../../arm-none-eabi/lib/thumb/v7-m\libm.a(lib_a-e_pow.o) (fabs)
c:/ac6/systemworkbench/plugins/fr.ac6.mcu.externaltools.arm-none.win32_1.16.0.201807130628/tools/compiler/bin/../lib/gcc/arm-none-eabi/7.2.1/../../../../arm-none-eabi/lib/thumb/v7-m\libm.a(lib_a-s_finite.o)
                              c:/ac6/systemworkbench/plugins/fr.ac6.mcu.externaltools.arm-none.win32_1.16.0.201807130628/tools/compiler/bin/../lib/gcc/arm-none-eabi/7.2.1/../../../../arm-none-eabi/lib/thumb/v7-m\libm.a(lib_a-w_pow.o) (finite)
c:/ac6/systemworkbench/plugins/fr.ac6.mcu.externaltools.arm-none.win32_1.16.0.201807130628/tools/compiler/bin/../lib/gcc/arm-none-eabi/7.2.1/../../../../arm-none-eabi/lib/thumb/v7-m\libm.a(lib_a-s_lib_ver.o)
                              c:/ac6/systemworkbench/plugins/fr.ac6.mcu.externaltools.arm-none.win32_1.16.0.201807130628/tools/compiler/bin/../lib/gcc/arm-none-eabi/7.2.1/../../../../arm-none-eabi/lib/thumb/v7-m\libm.a(lib_a-w_pow.o) (__fdlib_version)
c:/ac6/systemworkbench/plugins/fr.ac6.mcu.externaltools.arm-none.win32_1.16.0.201807130628/tools/compiler/bin/../lib/gcc/arm-none-eabi/7.2.1/../../../../arm-none-eabi/lib/thumb/v7-m\libm.a(lib_a-s_matherr.o)
                              c:/ac6/systemworkbench/plugins/fr.ac6.mcu.externaltools.arm-none.win32_1.16.0.201807130628/tools/compiler/bin/../lib/gcc/arm-none-eabi/7.2.1/../../../../arm-none-eabi/lib/thumb/v7-m\libm.a(lib_a-w_pow.o) (matherr)
c:/ac6/systemworkbench/plugins/fr.ac6.mcu.externaltools.arm-none.win32_1.16.0.201807130628/tools/compiler/bin/../lib/gcc/arm-none-eabi/7.2.1/../../../../arm-none-eabi/lib/thumb/v7-m\libm.a(lib_a-s_nan.o)
                              c:/ac6/systemworkbench/plugins/fr.ac6.mcu.externaltools.arm-none.win32_1.16.0.201807130628/tools/compiler/bin/../lib/gcc/arm-none-eabi/7.2.1/../../../../arm-none-eabi/lib/thumb/v7-m\libm.a(lib_a-e_pow.o) (nan)
c:/ac6/systemworkbench/plugins/fr.ac6.mcu.externaltools.arm-none.win32_1.16.0.201807130628/tools/compiler/bin/../lib/gcc/arm-none-eabi/7.2.1/../../../../arm-none-eabi/lib/thumb/v7-m\libm.a(lib_a-s_rint.o)
                              c:/ac6/systemworkbench/plugins/fr.ac6.mcu.externaltools.arm-none.win32_1.16.0.201807130628/tools/compiler/bin/../lib/gcc/arm-none-eabi/7.2.1/../../../../arm-none-eabi/lib/thumb/v7-m\libm.a(lib_a-w_pow.o) (rint)
c:/ac6/systemworkbench/plugins/fr.ac6.mcu.externaltools.arm-none.win32_1.16.0.201807130628/tools/compiler/bin/../lib/gcc/arm-none-eabi/7.2.1/../../../../arm-none-eabi/lib/thumb/v7-m\libm.a(lib_a-s_scalbn.o)
                              c:/ac6/systemworkbench/plugins/fr.ac6.mcu.externaltools.arm-none.win32_1.16.0.201807130628/tools/compiler/bin/../lib/gcc/arm-none-eabi/7.2.1/../../../../arm-none-eabi/lib/thumb/v7-m\libm.a(lib_a-e_pow.o) (scalbn)
c:/ac6/systemworkbench/plugins/fr.ac6.mcu.externaltools.arm-none.win32_1.16.0.201807130628/tools/compiler/bin/../lib/gcc/arm-none-eabi/7.2.1/../../../../arm-none-eabi/lib/thumb/v7-m\libm.a(lib_a-s_copysign.o)
                              c:/ac6/systemworkbench/plugins/fr.ac6.mcu.externaltools.arm-none.win32_1.16.0.201807130628/tools/compiler/bin/../lib/gcc/arm-none-eabi/7.2.1/../../../../arm-none-eabi/lib/thumb/v7-m\libm.a(lib_a-s_scalbn.o) (copysign)
[...]
Memory Configuration

Name             Origin             Length             Attributes
RAM              0x20000000         0x00005000         xrw
ROM              0x08000000         0x00020000         xr
*default*        0x00000000         0xffffffff

Linker script and memory map

LOAD c:/ac6/systemworkbench/plugins/fr.ac6.mcu.externaltools.arm-none.win32_1.16.0.201807130628/tools/compiler/bin/../lib/gcc/arm-none-eabi/7.2.1/thumb/v7-m/crti.o
LOAD c:/ac6/systemworkbench/plugins/fr.ac6.mcu.externaltools.arm-none.win32_1.16.0.201807130628/tools/compiler/bin/../lib/gcc/arm-none-eabi/7.2.1/thumb/v7-m/crtbegin.o
LOAD c:/ac6/systemworkbench/plugins/fr.ac6.mcu.externaltools.arm-none.win32_1.16.0.201807130628/tools/compiler/bin/../lib/gcc/arm-none-eabi/7.2.1/../../../../arm-none-eabi/lib/thumb/v7-m/crt0.o
LOAD CMSIS/core/core_cm3.o
LOAD StdPeriph_Driver/src/misc.o
LOAD StdPeriph_Driver/src/stm32f10x_adc.o
LOAD StdPeriph_Driver/src/stm32f10x_bkp.o
LOAD StdPeriph_Driver/src/stm32f10x_can.o
LOAD StdPeriph_Driver/src/stm32f10x_cec.o
LOAD StdPeriph_Driver/src/stm32f10x_crc.o
LOAD StdPeriph_Driver/src/stm32f10x_dac.o
LOAD StdPeriph_Driver/src/stm32f10x_dbgmcu.o
LOAD StdPeriph_Driver/src/stm32f10x_dma.o
LOAD StdPeriph_Driver/src/stm32f10x_exti.o
LOAD StdPeriph_Driver/src/stm32f10x_flash.o
LOAD StdPeriph_Driver/src/stm32f10x_fsmc.o
LOAD StdPeriph_Driver/src/stm32f10x_gpio.o
LOAD StdPeriph_Driver/src/stm32f10x_i2c.o
LOAD StdPeriph_Driver/src/stm32f10x_iwdg.o
LOAD StdPeriph_Driver/src/stm32f10x_pwr.o
LOAD StdPeriph_Driver/src/stm32f10x_rcc.o
LOAD StdPeriph_Driver/src/stm32f10x_rtc.o
LOAD StdPeriph_Driver/src/stm32f10x_sdio.o
LOAD StdPeriph_Driver/src/stm32f10x_spi.o
LOAD StdPeriph_Driver/src/stm32f10x_tim.o
LOAD StdPeriph_Driver/src/stm32f10x_usart.o
LOAD StdPeriph_Driver/src/stm32f10x_wwdg.o
LOAD src/adc.o
LOAD src/hsi.o
LOAD src/init.o
LOAD src/lcd.o
LOAD src/main.o
LOAD src/send.o
LOAD src/stm32f10x_it.o
LOAD src/syscalls.o
LOAD startup/startup_stm32.o
LOAD c:/ac6/systemworkbench/plugins/fr.ac6.mcu.externaltools.arm-none.win32_1.16.0.201807130628/tools/compiler/bin/../lib/gcc/arm-none-eabi/7.2.1/../../../../arm-none-eabi/lib/thumb/v7-m\libm.a
START GROUP
LOAD c:/ac6/systemworkbench/plugins/fr.ac6.mcu.externaltools.arm-none.win32_1.16.0.201807130628/tools/compiler/bin/../lib/gcc/arm-none-eabi/7.2.1/thumb/v7-m\libgcc.a
LOAD c:/ac6/systemworkbench/plugins/fr.ac6.mcu.externaltools.arm-none.win32_1.16.0.201807130628/tools/compiler/bin/../lib/gcc/arm-none-eabi/7.2.1/../../../../arm-none-eabi/lib/thumb/v7-m\libc.a
END GROUP
LOAD c:/ac6/systemworkbench/plugins/fr.ac6.mcu.externaltools.arm-none.win32_1.16.0.201807130628/tools/compiler/bin/../lib/gcc/arm-none-eabi/7.2.1/thumb/v7-m/crtend.o
LOAD c:/ac6/systemworkbench/plugins/fr.ac6.mcu.externaltools.arm-none.win32_1.16.0.201807130628/tools/compiler/bin/../lib/gcc/arm-none-eabi/7.2.1/thumb/v7-m/crtn.o
                0x20005000                _estack = 0x20005000
                0x00000000                _Min_Heap_Size = 0x0
                0x00000400                _Min_Stack_Size = 0x400

.isr_vector     0x08000000      0x10c
                0x08000000                . = ALIGN (0x4)
 *(.isr_vector)
 .isr_vector    0x08000000      0x10c startup/startup_stm32.o
                0x08000000                g_pfnVectors
                0x0800010c                . = ALIGN (0x4)

.text           0x08000110     0x8318
                0x08000110                . = ALIGN (0x4)
 *(.text)
 .text          0x08000110       0x40 c:/ac6/systemworkbench/plugins/fr.ac6.mcu.externaltools.arm-none.win32_1.16.0.201807130628/tools/compiler/bin/../lib/gcc/arm-none-eabi/7.2.1/thumb/v7-m/crtbegin.o
 .text          0x08000150      0x378 c:/ac6/systemworkbench/plugins/fr.ac6.mcu.externaltools.arm-none.win32_1.16.0.201807130628/tools/compiler/bin/../lib/gcc/arm-none-eabi/7.2.1/thumb/v7-m\libgcc.a(_arm_addsubdf3.o)
                0x08000150                __aeabi_drsub
                0x08000158                __aeabi_dsub
                0x08000158                __subdf3
                0x0800015c                __aeabi_dadd
                0x0800015c                __adddf3
                0x080003d4                __floatunsidf
                0x080003d4                __aeabi_ui2d
                0x080003f4                __floatsidf
                0x080003f4                __aeabi_i2d
                0x08000418                __aeabi_f2d
                0x08000418                __extendsfdf2
                0x0800045c                __floatundidf
                0x0800045c                __aeabi_ul2d
                0x0800046c                __floatdidf
                0x0800046c                __aeabi_l2d
 .text          0x080004c8      0x424 c:/ac6/systemworkbench/plugins/fr.ac6.mcu.externaltools.arm-none.win32_1.16.0.201807130628/tools/compiler/bin/../lib/gcc/arm-none-eabi/7.2.1/thumb/v7-m\libgcc.a(_arm_muldivdf3.o)
                0x080004c8                __aeabi_dmul
                0x080004c8                __muldf3
                0x0800071c                __divdf3
                0x0800071c                __aeabi_ddiv
 .text          0x080008ec      0x110 c:/ac6/systemworkbench/plugins/fr.ac6.mcu.externaltools.arm-none.win32_1.16.0.201807130628/tools/compiler/bin/../lib/gcc/arm-none-eabi/7.2.1/thumb/v7-m\libgcc.a(_arm_cmpdf2.o)
                0x080008ec                __gtdf2
                0x080008ec                __gedf2
                0x080008f4                __ltdf2
                0x080008f4                __ledf2
                0x080008fc                __nedf2
                0x080008fc                __eqdf2
                0x080008fc                __cmpdf2
                0x08000978                __aeabi_cdrcmple
                0x08000988                __aeabi_cdcmpeq
                0x08000988                __aeabi_cdcmple
                0x08000998                __aeabi_dcmpeq
                0x080009ac                __aeabi_dcmplt
                0x080009c0                __aeabi_dcmple
                0x080009d4                __aeabi_dcmpge
                0x080009e8                __aeabi_dcmpgt
 .text          0x080009fc       0x2c c:/ac6/systemworkbench/plugins/fr.ac6.mcu.externaltools.arm-none.win32_1.16.0.201807130628/tools/compiler/bin/../lib/gcc/arm-none-eabi/7.2.1/thumb/v7-m\libgcc.a(_arm_unorddf2.o)
                0x080009fc                __unorddf2
                0x080009fc                __aeabi_dcmpun
 .text          0x08000a28       0x50 c:/ac6/systemworkbench/plugins/fr.ac6.mcu.externaltools.arm-none.win32_1.16.0.201807130628/tools/compiler/bin/../lib/gcc/arm-none-eabi/7.2.1/thumb/v7-m\libgcc.a(_arm_fixdfsi.o)
                0x08000a28                __aeabi_d2iz
                0x08000a28                __fixdfsi
 .text          0x08000a78       0xa0 c:/ac6/systemworkbench/plugins/fr.ac6.mcu.externaltools.arm-none.win32_1.16.0.201807130628/tools/compiler/bin/../lib/gcc/arm-none-eabi/7.2.1/thumb/v7-m\libgcc.a(_arm_truncdfsf2.o)
                0x08000a78                __truncdfsf2
                0x08000a78                __aeabi_d2f
 .text          0x08000b18      0x2a0 c:/ac6/systemworkbench/plugins/fr.ac6.mcu.externaltools.arm-none.win32_1.16.0.201807130628/tools/compiler/bin/../lib/gcc/arm-none-eabi/7.2.1/thumb/v7-m\libgcc.a(_arm_muldivsf3.o)
                0x08000b18                __mulsf3
                0x08000b18                __aeabi_fmul
                0x08000c80                __aeabi_fdiv
                0x08000c80                __divsf3
 .text          0x08000db8       0xec c:/ac6/systemworkbench/plugins/fr.ac6.mcu.externaltools.arm-none.win32_1.16.0.201807130628/tools/compiler/bin/../lib/gcc/arm-none-eabi/7.2.1/../../../../arm-none-eabi/lib/thumb/v7-m\libc.a(lib_a-memcpy.o)
                0x08000db8                memcpy
 .text          0x08000ea4       0x30 c:/ac6/systemworkbench/plugins/fr.ac6.mcu.externaltools.arm-none.win32_1.16.0.201807130628/tools/compiler/bin/../lib/gcc/arm-none-eabi/7.2.1/thumb/v7-m\libgcc.a(_aeabi_uldivmod.o)
                0x08000ea4                __aeabi_uldivmod
 .text          0x08000ed4      0x2d0 c:/ac6/systemworkbench/plugins/fr.ac6.mcu.externaltools.arm-none.win32_1.16.0.201807130628/tools/compiler/bin/../lib/gcc/arm-none-eabi/7.2.1/thumb/v7-m\libgcc.a(_udivmoddi4.o)
                0x08000ed4                __udivmoddi4
 .text          0x080011a4        0x4 c:/ac6/systemworkbench/plugins/fr.ac6.mcu.externaltools.arm-none.win32_1.16.0.201807130628/tools/compiler/bin/../lib/gcc/arm-none-eabi/7.2.1/thumb/v7-m\libgcc.a(_dvmd_tls.o)
                0x080011a4                __aeabi_idiv0
                0x080011a4                __aeabi_ldiv0
 *(.text*)
 .text.NVIC_Init
                0x080011a8       0xc4 StdPeriph_Driver/src/misc.o
                0x080011a8                NVIC_Init
 .text.ADC_DeInit
                0x0800126c       0x74 StdPeriph_Driver/src/stm32f10x_adc.o
                0x0800126c                ADC_DeInit
 .text.ADC_Init
                0x080012e0       0xa4 StdPeriph_Driver/src/stm32f10x_adc.o
                0x080012e0                ADC_Init
 .text.ADC_Cmd  0x08001384       0x36 StdPeriph_Driver/src/stm32f10x_adc.o
                0x08001384                ADC_Cmd
 .text.ADC_DMACmd
                0x080013ba       0x36 StdPeriph_Driver/src/stm32f10x_adc.o
                0x080013ba                ADC_DMACmd
 .text.ADC_ResetCalibration
                0x080013f0       0x1e StdPeriph_Driver/src/stm32f10x_adc.o
                0x080013f0                ADC_ResetCalibration
 .text.ADC_GetResetCalibrationStatus
                0x0800140e       0x2e StdPeriph_Driver/src/stm32f10x_adc.o
                0x0800140e                ADC_GetResetCalibrationStatus
 .text.ADC_StartCalibration
                0x0800143c       0x1e StdPeriph_Driver/src/stm32f10x_adc.o
                0x0800143c                ADC_StartCalibration
 .text.ADC_GetCalibrationStatus
                0x0800145a       0x2e StdPeriph_Driver/src/stm32f10x_adc.o
                0x0800145a                ADC_GetCalibrationStatus
 .text.ADC_SoftwareStartConvCmd
                0x08001488       0x36 StdPeriph_Driver/src/stm32f10x_adc.o
                0x08001488                ADC_SoftwareStartConvCmd
 .text.ADC_RegularChannelConfig
                0x080014be      0x192 StdPeriph_Driver/src/stm32f10x_adc.o
                0x080014be                ADC_RegularChannelConfig
 .text.CAN_DeInit
                0x08001650       0x48 StdPeriph_Driver/src/stm32f10x_can.o
                0x08001650                CAN_DeInit
 .text.CAN_Init
                0x08001698      0x1a0 StdPeriph_Driver/src/stm32f10x_can.o
                0x08001698                CAN_Init
 .text.CAN_FilterInit
                0x08001838      0x184 StdPeriph_Driver/src/stm32f10x_can.o
                0x08001838                CAN_FilterInit
 .text.CAN_Transmit
                0x080019bc      0x1a0 StdPeriph_Driver/src/stm32f10x_can.o
                0x080019bc                CAN_Transmit
 .text.CAN_Receive
                0x08001b5c      0x17a StdPeriph_Driver/src/stm32f10x_can.o
                0x08001b5c                CAN_Receive
 .text.CAN_MessagePending
                0x08001cd6       0x48 StdPeriph_Driver/src/stm32f10x_can.o
                0x08001cd6                CAN_MessagePending
 *fill*         0x08001d1e        0x2 
 .text.DMA_DeInit
                0x08001d20      0x178 StdPeriph_Driver/src/stm32f10x_dma.o
                0x08001d20                DMA_DeInit
 .text.DMA_Init
                0x08001e98       0x7c StdPeriph_Driver/src/stm32f10x_dma.o
                0x08001e98                DMA_Init
 .text.DMA_Cmd  0x08001f14       0x38 StdPeriph_Driver/src/stm32f10x_dma.o
                0x08001f14                DMA_Cmd
 .text.DMA_GetFlagStatus
                0x08001f4c       0x50 StdPeriph_Driver/src/stm32f10x_dma.o
                0x08001f4c                DMA_GetFlagStatus
 .text.DMA_ClearFlag
                0x08001f9c       0x34 StdPeriph_Driver/src/stm32f10x_dma.o
                0x08001f9c                DMA_ClearFlag
 .text.EXTI_ClearITPendingBit
                0x08001fd0       0x1c StdPeriph_Driver/src/stm32f10x_exti.o
                0x08001fd0                EXTI_ClearITPendingBit
 .text.FLASH_SetLatency
                0x08001fec       0x38 StdPeriph_Driver/src/stm32f10x_flash.o
                0x08001fec                FLASH_SetLatency
 .text.GPIO_Init
                0x08002024      0x178 StdPeriph_Driver/src/stm32f10x_gpio.o
                0x08002024                GPIO_Init
 .text.GPIO_ReadInputDataBit
                0x0800219c       0x32 StdPeriph_Driver/src/stm32f10x_gpio.o
                0x0800219c                GPIO_ReadInputDataBit
 .text.GPIO_ReadOutputDataBit
                0x080021ce       0x32 StdPeriph_Driver/src/stm32f10x_gpio.o
                0x080021ce                GPIO_ReadOutputDataBit
 .text.GPIO_WriteBit
                0x08002200       0x2e StdPeriph_Driver/src/stm32f10x_gpio.o
                0x08002200                GPIO_WriteBit
 *fill*         0x0800222e        0x2 
 .text.RCC_DeInit
                0x08002230       0x5c StdPeriph_Driver/src/stm32f10x_rcc.o
                0x08002230                RCC_DeInit
 .text.RCC_HSICmd
                0x0800228c       0x20 StdPeriph_Driver/src/stm32f10x_rcc.o
                0x0800228c                RCC_HSICmd
 .text.RCC_PLLConfig
                0x080022ac       0x3c StdPeriph_Driver/src/stm32f10x_rcc.o
                0x080022ac                RCC_PLLConfig
 .text.RCC_PLLCmd
                0x080022e8       0x20 StdPeriph_Driver/src/stm32f10x_rcc.o
                0x080022e8                RCC_PLLCmd
 .text.RCC_SYSCLKConfig
                0x08002308       0x38 StdPeriph_Driver/src/stm32f10x_rcc.o
                0x08002308                RCC_SYSCLKConfig
 .text.RCC_GetSYSCLKSource
                0x08002340       0x1c StdPeriph_Driver/src/stm32f10x_rcc.o
                0x08002340                RCC_GetSYSCLKSource
 .text.RCC_HCLKConfig
                0x0800235c       0x38 StdPeriph_Driver/src/stm32f10x_rcc.o
                0x0800235c                RCC_HCLKConfig
 .text.RCC_PCLK1Config
                0x08002394       0x38 StdPeriph_Driver/src/stm32f10x_rcc.o
                0x08002394                RCC_PCLK1Config
 .text.RCC_PCLK2Config
                0x080023cc       0x38 StdPeriph_Driver/src/stm32f10x_rcc.o
                0x080023cc                RCC_PCLK2Config
 .text.RCC_GetClocksFreq
                0x08002404      0x168 StdPeriph_Driver/src/stm32f10x_rcc.o
                0x08002404                RCC_GetClocksFreq
 .text.RCC_AHBPeriphClockCmd
                0x0800256c       0x3c StdPeriph_Driver/src/stm32f10x_rcc.o
                0x0800256c                RCC_AHBPeriphClockCmd
 .text.RCC_APB2PeriphClockCmd
                0x080025a8       0x3c StdPeriph_Driver/src/stm32f10x_rcc.o
                0x080025a8                RCC_APB2PeriphClockCmd
 .text.RCC_APB1PeriphClockCmd
                0x080025e4       0x3c StdPeriph_Driver/src/stm32f10x_rcc.o
                0x080025e4                RCC_APB1PeriphClockCmd
 .text.RCC_APB2PeriphResetCmd
                0x08002620       0x3c StdPeriph_Driver/src/stm32f10x_rcc.o
                0x08002620                RCC_APB2PeriphResetCmd
 .text.RCC_APB1PeriphResetCmd
                0x0800265c       0x3c StdPeriph_Driver/src/stm32f10x_rcc.o
                0x0800265c                RCC_APB1PeriphResetCmd
 .text.RCC_GetFlagStatus
                0x08002698       0x74 StdPeriph_Driver/src/stm32f10x_rcc.o
                0x08002698                RCC_GetFlagStatus
 .text.TIM_GetFlagStatus
                0x0800270c       0x36 StdPeriph_Driver/src/stm32f10x_tim.o
                0x0800270c                TIM_GetFlagStatus
 .text.TIM_ClearFlag
                0x08002742       0x20 StdPeriph_Driver/src/stm32f10x_tim.o
                0x08002742                TIM_ClearFlag
 *fill*         0x08002762        0x2 
 .text.USART_Init
                0x08002764      0x174 StdPeriph_Driver/src/stm32f10x_usart.o
                0x08002764                USART_Init
 .text.USART_Cmd
                0x080028d8       0x3e StdPeriph_Driver/src/stm32f10x_usart.o
                0x080028d8                USART_Cmd
 .text.USART_SendData
                0x08002916       0x22 StdPeriph_Driver/src/stm32f10x_usart.o
                0x08002916                USART_SendData
 .text.USART_GetFlagStatus
                0x08002938       0x36 StdPeriph_Driver/src/stm32f10x_usart.o
                0x08002938                USART_GetFlagStatus
 .text.USART_ClearFlag
                0x0800296e       0x20 StdPeriph_Driver/src/stm32f10x_usart.o
                0x0800296e                USART_ClearFlag
 *fill*         0x0800298e        0x2 
 .text.read_adc
                0x08002990       0x30 src/adc.o
                0x08002990                read_adc
 .text.RCC_Config_HSI_PLL_64MHz
                0x080029c0       0x6a src/hsi.o
                0x080029c0                RCC_Config_HSI_PLL_64MHz
 *fill*         0x08002a2a        0x2 
 .text.init     0x08002a2c       0x90 src/init.o
                0x08002a2c                init
 .text.init_adc
                0x08002abc      0x1d4 src/init.o
                0x08002abc                init_adc
 .text.init_can
                0x08002c90       0xd0 src/init.o
                0x08002c90                init_can
 .text.display  0x08002d60       0x70 src/main.o
                0x08002d60                display
 .text.main     0x08002dd0       0x26 src/main.o
                0x08002dd0                main
 .text.vizinho  0x08002df6       0xa8 src/send.o
                0x08002df6                vizinho
 *fill*         0x08002e9e        0x2 
 .text.roll     0x08002ea0      0x170 src/send.o
                0x08002ea0                roll
 .text.prose    0x08003010       0xb4 src/send.o
                0x08003010                prose
 *fill*         0x080030c4        0x4 
 .text.calc     0x080030c8      0x2dc src/send.o
                0x080030c8                calc
 .text.WWDG_IRQHandler
                0x080033a4        0xc src/stm32f10x_it.o
                0x080033a4                WWDG_IRQHandler
 .text.PVD_IRQHandler
                0x080033b0        0xc src/stm32f10x_it.o
                0x080033b0                PVD_IRQHandler
 .text.TAMPER_IRQHandler
                0x080033bc        0xc src/stm32f10x_it.o
                0x080033bc                TAMPER_IRQHandler
 .text.RTC_IRQHandler
                0x080033c8        0xc src/stm32f10x_it.o
                0x080033c8                RTC_IRQHandler
 .text.FLASH_IRQHandler
                0x080033d4        0xc src/stm32f10x_it.o
                0x080033d4                FLASH_IRQHandler
 .text.RCC_IRQHandler
                0x080033e0        0xc src/stm32f10x_it.o
                0x080033e0                RCC_IRQHandler
 .text.EXTI0_IRQHandler
                0x080033ec        0xc src/stm32f10x_it.o
                0x080033ec                EXTI0_IRQHandler
 .text.EXTI1_IRQHandler
                0x080033f8       0x74 src/stm32f10x_it.o
                0x080033f8                EXTI1_IRQHandler
 .text.EXTI2_IRQHandler
                0x0800346c        0xc src/stm32f10x_it.o
                0x0800346c                EXTI2_IRQHandler
 .text.EXTI3_IRQHandler
                0x08003478        0xc src/stm32f10x_it.o
                0x08003478                EXTI3_IRQHandler
 .text.EXTI4_IRQHandler
                0x08003484        0xc src/stm32f10x_it.o
                0x08003484                EXTI4_IRQHandler
 .text.DMA1_Channel1_IRQHandler
                0x08003490        0xc src/stm32f10x_it.o
                0x08003490                DMA1_Channel1_IRQHandler
 .text.DMA1_Channel2_IRQHandler
                0x0800349c        0xc src/stm32f10x_it.o
                0x0800349c                DMA1_Channel2_IRQHandler
 .text.DMA1_Channel3_IRQHandler
                0x080034a8        0xc src/stm32f10x_it.o
                0x080034a8                DMA1_Channel3_IRQHandler
 .text.DMA1_Channel4_IRQHandler
                0x080034b4        0xc src/stm32f10x_it.o
                0x080034b4                DMA1_Channel4_IRQHandler
 .text.DMA1_Channel5_IRQHandler
                0x080034c0        0xc src/stm32f10x_it.o
                0x080034c0                DMA1_Channel5_IRQHandler
 .text.DMA1_Channel6_IRQHandler
                0x080034cc        0xc src/stm32f10x_it.o
                0x080034cc                DMA1_Channel6_IRQHandler
 .text.DMA1_Channel7_IRQHandler
                0x080034d8        0xc src/stm32f10x_it.o
                0x080034d8                DMA1_Channel7_IRQHandler
 .text.ADC1_2_IRQHandler
                0x080034e4        0xc src/stm32f10x_it.o
                0x080034e4                ADC1_2_IRQHandler
 .text.EXTI9_5_IRQHandler
                0x080034f0        0xc src/stm32f10x_it.o
                0x080034f0                EXTI9_5_IRQHandler
 .text.TIM1_BRK_IRQHandler
                0x080034fc        0xc src/stm32f10x_it.o
                0x080034fc                TIM1_BRK_IRQHandler
 .text.TIM1_UP_IRQHandler
                0x08003508        0xc src/stm32f10x_it.o
                0x08003508                TIM1_UP_IRQHandler
 .text.TIM1_TRG_COM_IRQHandler
                0x08003514        0xc src/stm32f10x_it.o
                0x08003514                TIM1_TRG_COM_IRQHandler
 .text.TIM1_CC_IRQHandler
                0x08003520        0xc src/stm32f10x_it.o
                0x08003520                TIM1_CC_IRQHandler
 .text.TIM2_IRQHandler
                0x0800352c        0xc src/stm32f10x_it.o
                0x0800352c                TIM2_IRQHandler
 .text.TIM3_IRQHandler
                0x08003538       0x58 src/stm32f10x_it.o
                0x08003538                TIM3_IRQHandler
 .text.TIM4_IRQHandler
                0x08003590        0xc src/stm32f10x_it.o
                0x08003590                TIM4_IRQHandler
 .text.I2C1_EV_IRQHandler
                0x0800359c        0xc src/stm32f10x_it.o
                0x0800359c                I2C1_EV_IRQHandler
 .text.I2C1_ER_IRQHandler
                0x080035a8        0xc src/stm32f10x_it.o
                0x080035a8                I2C1_ER_IRQHandler
 .text.I2C2_EV_IRQHandler
                0x080035b4        0xc src/stm32f10x_it.o
                0x080035b4                I2C2_EV_IRQHandler
 .text.I2C2_ER_IRQHandler
                0x080035c0        0xc src/stm32f10x_it.o
                0x080035c0                I2C2_ER_IRQHandler
 .text.SPI1_IRQHandler
                0x080035cc        0xc src/stm32f10x_it.o
                0x080035cc                SPI1_IRQHandler
 .text.SPI2_IRQHandler
                0x080035d8        0xc src/stm32f10x_it.o
                0x080035d8                SPI2_IRQHandler
 .text.USART1_IRQHandler
                0x080035e4        0xc src/stm32f10x_it.o
                0x080035e4                USART1_IRQHandler
 .text.USART2_IRQHandler
                0x080035f0        0xc src/stm32f10x_it.o
                0x080035f0                USART2_IRQHandler
 .text.USART3_IRQHandler
                0x080035fc        0xc src/stm32f10x_it.o
                0x080035fc                USART3_IRQHandler
 .text.EXTI15_10_IRQHandler
                0x08003608        0xc src/stm32f10x_it.o
                0x08003608                EXTI15_10_IRQHandler
 .text.RTCAlarm_IRQHandler
                0x08003614        0xc src/stm32f10x_it.o
                0x08003614                RTCAlarm_IRQHandler
 .text.USBWakeUp_IRQHandler
                0x08003620        0xc src/stm32f10x_it.o
                0x08003620                USBWakeUp_IRQHandler
 .text._sbrk    0x0800362c       0x58 src/syscalls.o
                0x0800362c                _sbrk
 .text.Reset_Handler
                0x08003684       0x44 startup/startup_stm32.o
                0x08003684                Reset_Handler
 .text.Default_Handler
                0x080036c8        0x2 startup/startup_stm32.o
                0x080036c8                DebugMon_Handler
                0x080036c8                HardFault_Handler
                0x080036c8                SysTick_Handler
                0x080036c8                PendSV_Handler
                0x080036c8                NMI_Handler
                0x080036c8                UsageFault_Handler
                0x080036c8                CAN1_RX1_IRQHandler
                0x080036c8                Default_Handler
                0x080036c8                MemManage_Handler
                0x080036c8                SVC_Handler
                0x080036c8                USB_LP_CAN1_RX0_IRQHandler
                0x080036c8                USB_HP_CAN1_TX_IRQHandler
                0x080036c8                CAN1_SCE_IRQHandler
                0x080036c8                BusFault_Handler
 *fill*         0x080036ca        0x2 
 .text.pow      0x080036cc      0x334 c:/ac6/systemworkbench/plugins/fr.ac6.mcu.externaltools.arm-none.win32_1.16.0.201807130628/tools/compiler/bin/../lib/gcc/arm-none-eabi/7.2.1/../../../../arm-none-eabi/lib/thumb/v7-m\libm.a(lib_a-w_pow.o)
                0x080036cc                pow
 .text.__ieee754_pow
                0x08003a00      0xae4 c:/ac6/systemworkbench/plugins/fr.ac6.mcu.externaltools.arm-none.win32_1.16.0.201807130628/tools/compiler/bin/../lib/gcc/arm-none-eabi/7.2.1/../../../../arm-none-eabi/lib/thumb/v7-m\libm.a(lib_a-e_pow.o)
                0x08003a00                __ieee754_pow
 .text.__ieee754_sqrt
                0x080044e4      0x184 c:/ac6/systemworkbench/plugins/fr.ac6.mcu.externaltools.arm-none.win32_1.16.0.201807130628/tools/compiler/bin/../lib/gcc/arm-none-eabi/7.2.1/../../../../arm-none-eabi/lib/thumb/v7-m\libm.a(lib_a-e_sqrt.o)
                0x080044e4                __ieee754_sqrt
 .text.fabs     0x08004668        0x8 c:/ac6/systemworkbench/plugins/fr.ac6.mcu.externaltools.arm-none.win32_1.16.0.201807130628/tools/compiler/bin/../lib/gcc/arm-none-eabi/7.2.1/../../../../arm-none-eabi/lib/thumb/v7-m\libm.a(lib_a-s_fabs.o)
                0x08004668                fabs
 .text.finite   0x08004670        0xc c:/ac6/systemworkbench/plugins/fr.ac6.mcu.externaltools.arm-none.win32_1.16.0.201807130628/tools/compiler/bin/../lib/gcc/arm-none-eabi/7.2.1/../../../../arm-none-eabi/lib/thumb/v7-m\libm.a(lib_a-s_finite.o)
                0x08004670                finite
 .text.matherr  0x0800467c        0x4 c:/ac6/systemworkbench/plugins/fr.ac6.mcu.externaltools.arm-none.win32_1.16.0.201807130628/tools/compiler/bin/../lib/gcc/arm-none-eabi/7.2.1/../../../../arm-none-eabi/lib/thumb/v7-m\libm.a(lib_a-s_matherr.o)
                0x0800467c                matherr
 .text.nan      0x08004680        0xc c:/ac6/systemworkbench/plugins/fr.ac6.mcu.externaltools.arm-none.win32_1.16.0.201807130628/tools/compiler/bin/../lib/gcc/arm-none-eabi/7.2.1/../../../../arm-none-eabi/lib/thumb/v7-m\libm.a(lib_a-s_nan.o)
                0x08004680                nan
 .text.rint     0x0800468c      0x118 c:/ac6/systemworkbench/plugins/fr.ac6.mcu.externaltools.arm-none.win32_1.16.0.201807130628/tools/compiler/bin/../lib/gcc/arm-none-eabi/7.2.1/../../../../arm-none-eabi/lib/thumb/v7-m\libm.a(lib_a-s_rint.o)
                0x0800468c                rint
 *fill*         0x080047a4        0x4 
 .text.scalbn   0x080047a8       0xe4 c:/ac6/systemworkbench/plugins/fr.ac6.mcu.externaltools.arm-none.win32_1.16.0.201807130628/tools/compiler/bin/../lib/gcc/arm-none-eabi/7.2.1/../../../../arm-none-eabi/lib/thumb/v7-m\libm.a(lib_a-s_scalbn.o)
                0x080047a8                scalbn
 .text.copysign
                0x0800488c       0x10 c:/ac6/systemworkbench/plugins/fr.ac6.mcu.externaltools.arm-none.win32_1.16.0.201807130628/tools/compiler/bin/../lib/gcc/arm-none-eabi/7.2.1/../../../../arm-none-eabi/lib/thumb/v7-m\libm.a(lib_a-s_copysign.o)
                0x0800488c                copysign
 .text.__errno  0x0800489c        0xc c:/ac6/systemworkbench/plugins/fr.ac6.mcu.externaltools.arm-none.win32_1.16.0.201807130628/tools/compiler/bin/../lib/gcc/arm-none-eabi/7.2.1/../../../../arm-none-eabi/lib/thumb/v7-m\libc.a(lib_a-errno.o)
                0x0800489c                __errno
 .text.__libc_init_array
                0x080048a8       0x48 c:/ac6/systemworkbench/plugins/fr.ac6.mcu.externaltools.arm-none.win32_1.16.0.201807130628/tools/compiler/bin/../lib/gcc/arm-none-eabi/7.2.1/../../../../arm-none-eabi/lib/thumb/v7-m\libc.a(lib_a-init.o)
                0x080048a8                __libc_init_array
 .text.memset   0x080048f0       0x94 c:/ac6/systemworkbench/plugins/fr.ac6.mcu.externaltools.arm-none.win32_1.16.0.201807130628/tools/compiler/bin/../lib/gcc/arm-none-eabi/7.2.1/../../../../arm-none-eabi/lib/thumb/v7-m\libc.a(lib_a-memset.o)
                0x080048f0                memset
 .text.sprintf  0x08004984       0x44 c:/ac6/systemworkbench/plugins/fr.ac6.mcu.externaltools.arm-none.win32_1.16.0.201807130628/tools/compiler/bin/../lib/gcc/arm-none-eabi/7.2.1/../../../../arm-none-eabi/lib/thumb/v7-m\libc.a(lib_a-sprintf.o)
                0x08004984                sprintf
 .text.strlen   0x080049c8       0x5c c:/ac6/systemworkbench/plugins/fr.ac6.mcu.externaltools.arm-none.win32_1.16.0.201807130628/tools/compiler/bin/../lib/gcc/arm-none-eabi/7.2.1/../../../../arm-none-eabi/lib/thumb/v7-m\libc.a(lib_a-strlen-stub.o)
                0x080049c8                strlen
 .text._svfprintf_r
                0x08004a24     0x14ec c:/ac6/systemworkbench/plugins/fr.ac6.mcu.externaltools.arm-none.win32_1.16.0.201807130628/tools/compiler/bin/../lib/gcc/arm-none-eabi/7.2.1/../../../../arm-none-eabi/lib/thumb/v7-m\libc.a(lib_a-svfprintf.o)
                0x08004a24                _svfprintf_r
 .text.startup.register_fini
                0x08005f10       0x14 c:/ac6/systemworkbench/plugins/fr.ac6.mcu.externaltools.arm-none.win32_1.16.0.201807130628/tools/compiler/bin/../lib/gcc/arm-none-eabi/7.2.1/../../../../arm-none-eabi/lib/thumb/v7-m\libc.a(lib_a-__call_atexit.o)
 .text.atexit   0x08005f24        0xc c:/ac6/systemworkbench/plugins/fr.ac6.mcu.externaltools.arm-none.win32_1.16.0.201807130628/tools/compiler/bin/../lib/gcc/arm-none-eabi/7.2.1/../../../../arm-none-eabi/lib/thumb/v7-m\libc.a(lib_a-atexit.o)
                0x08005f24                atexit
 .text.quorem   0x08005f30      0x124 c:/ac6/systemworkbench/plugins/fr.ac6.mcu.externaltools.arm-none.win32_1.16.0.201807130628/tools/compiler/bin/../lib/gcc/arm-none-eabi/7.2.1/../../../../arm-none-eabi/lib/thumb/v7-m\libc.a(lib_a-dtoa.o)
 *fill*         0x08006054        0x4 
 .text._dtoa_r  0x08006058      0xe30 c:/ac6/systemworkbench/plugins/fr.ac6.mcu.externaltools.arm-none.win32_1.16.0.201807130628/tools/compiler/bin/../lib/gcc/arm-none-eabi/7.2.1/../../../../arm-none-eabi/lib/thumb/v7-m\libc.a(lib_a-dtoa.o)
                0x08006058                _dtoa_r
 .text.__libc_fini_array
                0x08006e88       0x34 c:/ac6/systemworkbench/plugins/fr.ac6.mcu.externaltools.arm-none.win32_1.16.0.201807130628/tools/compiler/bin/../lib/gcc/arm-none-eabi/7.2.1/../../../../arm-none-eabi/lib/thumb/v7-m\libc.a(lib_a-fini.o)
                0x08006e88                __libc_fini_array
 .text._localeconv_r
                0x08006ebc       0x1c c:/ac6/systemworkbench/plugins/fr.ac6.mcu.externaltools.arm-none.win32_1.16.0.201807130628/tools/compiler/bin/../lib/gcc/arm-none-eabi/7.2.1/../../../../arm-none-eabi/lib/thumb/v7-m\libc.a(lib_a-localeconv.o)
                0x08006ebc                _localeconv_r
 .text.__retarget_lock_acquire_recursive
                0x08006ed8        0x4 c:/ac6/systemworkbench/plugins/fr.ac6.mcu.externaltools.arm-none.win32_1.16.0.201807130628/tools/compiler/bin/../lib/gcc/arm-none-eabi/7.2.1/../../../../arm-none-eabi/lib/thumb/v7-m\libc.a(lib_a-lock.o)
                0x08006ed8                __retarget_lock_acquire_recursive
 .text.__retarget_lock_release_recursive
                0x08006edc        0x4 c:/ac6/systemworkbench/plugins/fr.ac6.mcu.externaltools.arm-none.win32_1.16.0.201807130628/tools/compiler/bin/../lib/gcc/arm-none-eabi/7.2.1/../../../../arm-none-eabi/lib/thumb/v7-m\libc.a(lib_a-lock.o)
                0x08006edc                __retarget_lock_release_recursive
 .text._malloc_r
                0x08006ee0      0x524 c:/ac6/systemworkbench/plugins/fr.ac6.mcu.externaltools.arm-none.win32_1.16.0.201807130628/tools/compiler/bin/../lib/gcc/arm-none-eabi/7.2.1/../../../../arm-none-eabi/lib/thumb/v7-m\libc.a(lib_a-mallocr.o)
                0x08006ee0                _malloc_r
 .text.memchr   0x08007404       0x8c c:/ac6/systemworkbench/plugins/fr.ac6.mcu.externaltools.arm-none.win32_1.16.0.201807130628/tools/compiler/bin/../lib/gcc/arm-none-eabi/7.2.1/../../../../arm-none-eabi/lib/thumb/v7-m\libc.a(lib_a-memchr-stub.o)
                0x08007404                memchr
 .text.__malloc_lock
                0x08007490        0xc c:/ac6/systemworkbench/plugins/fr.ac6.mcu.externaltools.arm-none.win32_1.16.0.201807130628/tools/compiler/bin/../lib/gcc/arm-none-eabi/7.2.1/../../../../arm-none-eabi/lib/thumb/v7-m\libc.a(lib_a-mlock.o)
                0x08007490                __malloc_lock
 .text.__malloc_unlock
                0x0800749c        0xc c:/ac6/systemworkbench/plugins/fr.ac6.mcu.externaltools.arm-none.win32_1.16.0.201807130628/tools/compiler/bin/../lib/gcc/arm-none-eabi/7.2.1/../../../../arm-none-eabi/lib/thumb/v7-m\libc.a(lib_a-mlock.o)
                0x0800749c                __malloc_unlock
 .text._Balloc  0x080074a8       0x4c c:/ac6/systemworkbench/plugins/fr.ac6.mcu.externaltools.arm-none.win32_1.16.0.201807130628/tools/compiler/bin/../lib/gcc/arm-none-eabi/7.2.1/../../../../arm-none-eabi/lib/thumb/v7-m\libc.a(lib_a-mprec.o)
                0x080074a8                _Balloc
 .text._Bfree   0x080074f4       0x14 c:/ac6/systemworkbench/plugins/fr.ac6.mcu.externaltools.arm-none.win32_1.16.0.201807130628/tools/compiler/bin/../lib/gcc/arm-none-eabi/7.2.1/../../../../arm-none-eabi/lib/thumb/v7-m\libc.a(lib_a-mprec.o)
                0x080074f4                _Bfree
 .text.__multadd
                0x08007508       0x84 c:/ac6/systemworkbench/plugins/fr.ac6.mcu.externaltools.arm-none.win32_1.16.0.201807130628/tools/compiler/bin/../lib/gcc/arm-none-eabi/7.2.1/../../../../arm-none-eabi/lib/thumb/v7-m\libc.a(lib_a-mprec.o)
                0x08007508                __multadd
 .text.__hi0bits
                0x0800758c       0x40 c:/ac6/systemworkbench/plugins/fr.ac6.mcu.externaltools.arm-none.win32_1.16.0.201807130628/tools/compiler/bin/../lib/gcc/arm-none-eabi/7.2.1/../../../../arm-none-eabi/lib/thumb/v7-m\libc.a(lib_a-mprec.o)
                0x0800758c                __hi0bits
 .text.__lo0bits
                0x080075cc       0x60 c:/ac6/systemworkbench/plugins/fr.ac6.mcu.externaltools.arm-none.win32_1.16.0.201807130628/tools/compiler/bin/../lib/gcc/arm-none-eabi/7.2.1/../../../../arm-none-eabi/lib/thumb/v7-m\libc.a(lib_a-mprec.o)
                0x080075cc                __lo0bits
 .text.__i2b    0x0800762c       0x14 c:/ac6/systemworkbench/plugins/fr.ac6.mcu.externaltools.arm-none.win32_1.16.0.201807130628/tools/compiler/bin/../lib/gcc/arm-none-eabi/7.2.1/../../../../arm-none-eabi/lib/thumb/v7-m\libc.a(lib_a-mprec.o)
                0x0800762c                __i2b
 .text.__multiply
                0x08007640      0x14c c:/ac6/systemworkbench/plugins/fr.ac6.mcu.externaltools.arm-none.win32_1.16.0.201807130628/tools/compiler/bin/../lib/gcc/arm-none-eabi/7.2.1/../../../../arm-none-eabi/lib/thumb/v7-m\libc.a(lib_a-mprec.o)
                0x08007640                __multiply
 .text.__pow5mult
                0x0800778c       0xa0 c:/ac6/systemworkbench/plugins/fr.ac6.mcu.externaltools.arm-none.win32_1.16.0.201807130628/tools/compiler/bin/../lib/gcc/arm-none-eabi/7.2.1/../../../../arm-none-eabi/lib/thumb/v7-m\libc.a(lib_a-mprec.o)
                0x0800778c                __pow5mult
 .text.__lshift
                0x0800782c       0xb4 c:/ac6/systemworkbench/plugins/fr.ac6.mcu.externaltools.arm-none.win32_1.16.0.201807130628/tools/compiler/bin/../lib/gcc/arm-none-eabi/7.2.1/../../../../arm-none-eabi/lib/thumb/v7-m\libc.a(lib_a-mprec.o)
                0x0800782c                __lshift
 .text.__mcmp   0x080078e0       0x38 c:/ac6/systemworkbench/plugins/fr.ac6.mcu.externaltools.arm-none.win32_1.16.0.201807130628/tools/compiler/bin/../lib/gcc/arm-none-eabi/7.2.1/../../../../arm-none-eabi/lib/thumb/v7-m\libc.a(lib_a-mprec.o)
                0x080078e0                __mcmp
 .text.__mdiff  0x08007918      0x100 c:/ac6/systemworkbench/plugins/fr.ac6.mcu.externaltools.arm-none.win32_1.16.0.201807130628/tools/compiler/bin/../lib/gcc/arm-none-eabi/7.2.1/../../../../arm-none-eabi/lib/thumb/v7-m\libc.a(lib_a-mprec.o)
                0x08007918                __mdiff
 .text.__d2b    0x08007a18       0xb0 c:/ac6/systemworkbench/plugins/fr.ac6.mcu.externaltools.arm-none.win32_1.16.0.201807130628/tools/compiler/bin/../lib/gcc/arm-none-eabi/7.2.1/../../../../arm-none-eabi/lib/thumb/v7-m\libc.a(lib_a-mprec.o)
                0x08007a18                __d2b
 .text._sbrk_r  0x08007ac8       0x24 c:/ac6/systemworkbench/plugins/fr.ac6.mcu.externaltools.arm-none.win32_1.16.0.201807130628/tools/compiler/bin/../lib/gcc/arm-none-eabi/7.2.1/../../../../arm-none-eabi/lib/thumb/v7-m\libc.a(lib_a-sbrkr.o)
                0x08007ac8                _sbrk_r
 .text.__ssprint_r
                0x08007aec       0xf4 c:/ac6/systemworkbench/plugins/fr.ac6.mcu.externaltools.arm-none.win32_1.16.0.201807130628/tools/compiler/bin/../lib/gcc/arm-none-eabi/7.2.1/../../../../arm-none-eabi/lib/thumb/v7-m\libc.a(lib_a-svfiprintf.o)
                0x08007aec                __ssprint_r
 .text.__register_exitproc
                0x08007be0       0xc0 c:/ac6/systemworkbench/plugins/fr.ac6.mcu.externaltools.arm-none.win32_1.16.0.201807130628/tools/compiler/bin/../lib/gcc/arm-none-eabi/7.2.1/../../../../arm-none-eabi/lib/thumb/v7-m\libc.a(lib_a-__atexit.o)
                0x08007be0                __register_exitproc
 .text._calloc_r
                0x08007ca0       0x6c c:/ac6/systemworkbench/plugins/fr.ac6.mcu.externaltools.arm-none.win32_1.16.0.201807130628/tools/compiler/bin/../lib/gcc/arm-none-eabi/7.2.1/../../../../arm-none-eabi/lib/thumb/v7-m\libc.a(lib_a-callocr.o)
                0x08007ca0                _calloc_r
 .text._malloc_trim_r
                0x08007d0c       0xa0 c:/ac6/systemworkbench/plugins/fr.ac6.mcu.externaltools.arm-none.win32_1.16.0.201807130628/tools/compiler/bin/../lib/gcc/arm-none-eabi/7.2.1/../../../../arm-none-eabi/lib/thumb/v7-m\libc.a(lib_a-freer.o)
                0x08007d0c                _malloc_trim_r
 .text._free_r  0x08007dac      0x1e8 c:/ac6/systemworkbench/plugins/fr.ac6.mcu.externaltools.arm-none.win32_1.16.0.201807130628/tools/compiler/bin/../lib/gcc/arm-none-eabi/7.2.1/../../../../arm-none-eabi/lib/thumb/v7-m\libc.a(lib_a-freer.o)
                0x08007dac                _free_r
 .text.__ascii_mbtowc
                0x08007f94       0x2c c:/ac6/systemworkbench/plugins/fr.ac6.mcu.externaltools.arm-none.win32_1.16.0.201807130628/tools/compiler/bin/../lib/gcc/arm-none-eabi/7.2.1/../../../../arm-none-eabi/lib/thumb/v7-m\libc.a(lib_a-mbtowc_r.o)
                0x08007f94                __ascii_mbtowc
 .text.memmove  0x08007fc0       0xc4 c:/ac6/systemworkbench/plugins/fr.ac6.mcu.externaltools.arm-none.win32_1.16.0.201807130628/tools/compiler/bin/../lib/gcc/arm-none-eabi/7.2.1/../../../../arm-none-eabi/lib/thumb/v7-m\libc.a(lib_a-memmove.o)
                0x08007fc0                memmove
 .text._realloc_r
                0x08008084      0x374 c:/ac6/systemworkbench/plugins/fr.ac6.mcu.externaltools.arm-none.win32_1.16.0.201807130628/tools/compiler/bin/../lib/gcc/arm-none-eabi/7.2.1/../../../../arm-none-eabi/lib/thumb/v7-m\libc.a(lib_a-reallocr.o)
                0x08008084                _realloc_r
 .text.__ascii_wctomb
                0x080083f8       0x18 c:/ac6/systemworkbench/plugins/fr.ac6.mcu.externaltools.arm-none.win32_1.16.0.201807130628/tools/compiler/bin/../lib/gcc/arm-none-eabi/7.2.1/../../../../arm-none-eabi/lib/thumb/v7-m\libc.a(lib_a-wctomb_r.o)
                0x080083f8                __ascii_wctomb
 *(.glue_7)
 .glue_7        0x08008410        0x0 linker stubs
 *(.glue_7t)
 .glue_7t       0x08008410        0x0 linker stubs
 *(.eh_frame)
 .eh_frame      0x08008410        0x0 c:/ac6/systemworkbench/plugins/fr.ac6.mcu.externaltools.arm-none.win32_1.16.0.201807130628/tools/compiler/bin/../lib/gcc/arm-none-eabi/7.2.1/thumb/v7-m/crtbegin.o
 *(.init)
 .init          0x08008410        0x4 c:/ac6/systemworkbench/plugins/fr.ac6.mcu.externaltools.arm-none.win32_1.16.0.201807130628/tools/compiler/bin/../lib/gcc/arm-none-eabi/7.2.1/thumb/v7-m/crti.o
                0x08008410                _init
 .init          0x08008414        0x8 c:/ac6/systemworkbench/plugins/fr.ac6.mcu.externaltools.arm-none.win32_1.16.0.201807130628/tools/compiler/bin/../lib/gcc/arm-none-eabi/7.2.1/thumb/v7-m/crtn.o
 *(.fini)
 .fini          0x0800841c        0x4 c:/ac6/systemworkbench/plugins/fr.ac6.mcu.externaltools.arm-none.win32_1.16.0.201807130628/tools/compiler/bin/../lib/gcc/arm-none-eabi/7.2.1/thumb/v7-m/crti.o
                0x0800841c                _fini
 .fini          0x08008420        0x8 c:/ac6/systemworkbench/plugins/fr.ac6.mcu.externaltools.arm-none.win32_1.16.0.201807130628/tools/compiler/bin/../lib/gcc/arm-none-eabi/7.2.1/thumb/v7-m/crtn.o
                0x08008428                . = ALIGN (0x4)
                0x08008428                _etext = .

.vfp11_veneer   0x08008428        0x0
 .vfp11_veneer  0x08008428        0x0 linker stubs

.v4_bx          0x08008428        0x0
 .v4_bx         0x08008428        0x0 linker stubs

.iplt           0x08008428        0x0
 .iplt          0x08008428        0x0 c:/ac6/systemworkbench/plugins/fr.ac6.mcu.externaltools.arm-none.win32_1.16.0.201807130628/tools/compiler/bin/../lib/gcc/arm-none-eabi/7.2.1/thumb/v7-m/crtbegin.o

.rodata         0x08008428      0x2c8
                0x08008428                . = ALIGN (0x4)
 *(.rodata)
 .rodata        0x08008428        0x5 src/main.o
 *fill*         0x0800842d        0x3 
 .rodata        0x08008430       0x20 src/send.o
 *(.rodata*)
 .rodata.pow.str1.4
                0x08008450        0x4 c:/ac6/systemworkbench/plugins/fr.ac6.mcu.externaltools.arm-none.win32_1.16.0.201807130628/tools/compiler/bin/../lib/gcc/arm-none-eabi/7.2.1/../../../../arm-none-eabi/lib/thumb/v7-m\libm.a(lib_a-w_pow.o)
 .rodata.__ieee754_pow.str1.4
                0x08008454        0x4 c:/ac6/systemworkbench/plugins/fr.ac6.mcu.externaltools.arm-none.win32_1.16.0.201807130628/tools/compiler/bin/../lib/gcc/arm-none-eabi/7.2.1/../../../../arm-none-eabi/lib/thumb/v7-m\libm.a(lib_a-e_pow.o)
                                  0x1 (size before relaxing)
 *fill*         0x08008454        0x4 
 .rodata.TWO52  0x08008458       0x10 c:/ac6/systemworkbench/plugins/fr.ac6.mcu.externaltools.arm-none.win32_1.16.0.201807130628/tools/compiler/bin/../lib/gcc/arm-none-eabi/7.2.1/../../../../arm-none-eabi/lib/thumb/v7-m\libm.a(lib_a-s_rint.o)
 .rodata._global_impure_ptr
                0x08008468        0x4 c:/ac6/systemworkbench/plugins/fr.ac6.mcu.externaltools.arm-none.win32_1.16.0.201807130628/tools/compiler/bin/../lib/gcc/arm-none-eabi/7.2.1/../../../../arm-none-eabi/lib/thumb/v7-m\libc.a(lib_a-impure.o)
                0x08008468                _global_impure_ptr
 .rodata._svfprintf_r.str1.4
                0x0800846c       0x42 c:/ac6/systemworkbench/plugins/fr.ac6.mcu.externaltools.arm-none.win32_1.16.0.201807130628/tools/compiler/bin/../lib/gcc/arm-none-eabi/7.2.1/../../../../arm-none-eabi/lib/thumb/v7-m\libc.a(lib_a-svfprintf.o)
 *fill*         0x080084ae        0x2 
 .rodata.blanks.7276
                0x080084b0       0x10 c:/ac6/systemworkbench/plugins/fr.ac6.mcu.externaltools.arm-none.win32_1.16.0.201807130628/tools/compiler/bin/../lib/gcc/arm-none-eabi/7.2.1/../../../../arm-none-eabi/lib/thumb/v7-m\libc.a(lib_a-svfprintf.o)
 .rodata.zeroes.7277
                0x080084c0       0x10 c:/ac6/systemworkbench/plugins/fr.ac6.mcu.externaltools.arm-none.win32_1.16.0.201807130628/tools/compiler/bin/../lib/gcc/arm-none-eabi/7.2.1/../../../../arm-none-eabi/lib/thumb/v7-m\libc.a(lib_a-svfprintf.o)
 .rodata._dtoa_r.str1.4
                0x080084d0       0x10 c:/ac6/systemworkbench/plugins/fr.ac6.mcu.externaltools.arm-none.win32_1.16.0.201807130628/tools/compiler/bin/../lib/gcc/arm-none-eabi/7.2.1/../../../../arm-none-eabi/lib/thumb/v7-m\libc.a(lib_a-dtoa.o)
                                 0x12 (size before relaxing)
 .rodata.__mprec_bigtens
                0x080084e0       0x28 c:/ac6/systemworkbench/plugins/fr.ac6.mcu.externaltools.arm-none.win32_1.16.0.201807130628/tools/compiler/bin/../lib/gcc/arm-none-eabi/7.2.1/../../../../arm-none-eabi/lib/thumb/v7-m\libc.a(lib_a-mprec.o)
                0x080084e0                __mprec_bigtens
 .rodata.__mprec_tens
                0x08008508       0xc8 c:/ac6/systemworkbench/plugins/fr.ac6.mcu.externaltools.arm-none.win32_1.16.0.201807130628/tools/compiler/bin/../lib/gcc/arm-none-eabi/7.2.1/../../../../arm-none-eabi/lib/thumb/v7-m\libc.a(lib_a-mprec.o)
                0x08008508                __mprec_tens
 .rodata.p05.6092
                0x080085d0        0xc c:/ac6/systemworkbench/plugins/fr.ac6.mcu.externaltools.arm-none.win32_1.16.0.201807130628/tools/compiler/bin/../lib/gcc/arm-none-eabi/7.2.1/../../../../arm-none-eabi/lib/thumb/v7-m\libc.a(lib_a-mprec.o)
 .rodata._setlocale_r.str1.4
                0x080085dc        0xa c:/ac6/systemworkbench/plugins/fr.ac6.mcu.externaltools.arm-none.win32_1.16.0.201807130628/tools/compiler/bin/../lib/gcc/arm-none-eabi/7.2.1/../../../../arm-none-eabi/lib/thumb/v7-m\libc.a(lib_a-locale.o)
                                  0xd (size before relaxing)
 *fill*         0x080085e6        0x2 
 .rodata.str1.4
                0x080085e8        0x4 c:/ac6/systemworkbench/plugins/fr.ac6.mcu.externaltools.arm-none.win32_1.16.0.201807130628/tools/compiler/bin/../lib/gcc/arm-none-eabi/7.2.1/../../../../arm-none-eabi/lib/thumb/v7-m\libc.a(lib_a-locale.o)
                                  0x2 (size before relaxing)
 .rodata._ctype_
                0x080085ec      0x101 c:/ac6/systemworkbench/plugins/fr.ac6.mcu.externaltools.arm-none.win32_1.16.0.201807130628/tools/compiler/bin/../lib/gcc/arm-none-eabi/7.2.1/../../../../arm-none-eabi/lib/thumb/v7-m\libc.a(lib_a-ctype_.o)
                0x080085ec                _ctype_
                0x080086f0                . = ALIGN (0x4)
 *fill*         0x080086ed        0x3 

.ARM.extab      0x080086f0        0x0
                0x080086f0                . = ALIGN (0x4)
 *(.ARM.extab* .gnu.linkonce.armextab.*)
                0x080086f0                . = ALIGN (0x4)

.ARM            0x080086f0        0x8
                0x080086f0                . = ALIGN (0x4)
                0x080086f0                __exidx_start = .
 *(.ARM.exidx*)
 .ARM.exidx     0x080086f0        0x8 c:/ac6/systemworkbench/plugins/fr.ac6.mcu.externaltools.arm-none.win32_1.16.0.201807130628/tools/compiler/bin/../lib/gcc/arm-none-eabi/7.2.1/thumb/v7-m\libgcc.a(_udivmoddi4.o)
                0x080086f8                __exidx_end = .
                0x080086f8                . = ALIGN (0x4)

.rel.dyn        0x080086f8        0x0
 .rel.iplt      0x080086f8        0x0 c:/ac6/systemworkbench/plugins/fr.ac6.mcu.externaltools.arm-none.win32_1.16.0.201807130628/tools/compiler/bin/../lib/gcc/arm-none-eabi/7.2.1/thumb/v7-m/crtbegin.o

.preinit_array  0x080086f8        0x0
                0x080086f8                . = ALIGN (0x4)
                0x080086f8                PROVIDE (__preinit_array_start, .)
 *(.preinit_array*)
                0x080086f8                PROVIDE (__preinit_array_end, .)
                0x080086f8                . = ALIGN (0x4)

.init_array     0x080086f8        0x8
                0x080086f8                . = ALIGN (0x4)
                0x080086f8                PROVIDE (__init_array_start, .)
 *(SORT_BY_NAME(.init_array.*))
 .init_array.00000
                0x080086f8        0x4 c:/ac6/systemworkbench/plugins/fr.ac6.mcu.externaltools.arm-none.win32_1.16.0.201807130628/tools/compiler/bin/../lib/gcc/arm-none-eabi/7.2.1/../../../../arm-none-eabi/lib/thumb/v7-m\libc.a(lib_a-__call_atexit.o)
 *(.init_array*)
 .init_array    0x080086fc        0x4 c:/ac6/systemworkbench/plugins/fr.ac6.mcu.externaltools.arm-none.win32_1.16.0.201807130628/tools/compiler/bin/../lib/gcc/arm-none-eabi/7.2.1/thumb/v7-m/crtbegin.o
                0x08008700                PROVIDE (__init_array_end, .)
                0x08008700                . = ALIGN (0x4)

.fini_array     0x08008700        0x4
                0x08008700                . = ALIGN (0x4)
                0x08008700                PROVIDE (__fini_array_start, .)
 *(SORT_BY_NAME(.fini_array.*))
 *(.fini_array*)
 .fini_array    0x08008700        0x4 c:/ac6/systemworkbench/plugins/fr.ac6.mcu.externaltools.arm-none.win32_1.16.0.201807130628/tools/compiler/bin/../lib/gcc/arm-none-eabi/7.2.1/thumb/v7-m/crtbegin.o
                0x08008704                PROVIDE (__fini_array_end, .)
                0x08008704                . = ALIGN (0x4)
                0x08008704                _sidata = LOADADDR (.data)

.data           0x20000000      0x9c8 load address 0x08008704
                0x20000000                . = ALIGN (0x4)
                0x20000000                _sdata = .
 *(.data)
 .data          0x20000000       0x14 StdPeriph_Driver/src/stm32f10x_rcc.o
 *(.data*)
 .data.__fdlib_version
                0x20000014        0x1 c:/ac6/systemworkbench/plugins/fr.ac6.mcu.externaltools.arm-none.win32_1.16.0.201807130628/tools/compiler/bin/../lib/gcc/arm-none-eabi/7.2.1/../../../../arm-none-eabi/lib/thumb/v7-m\libm.a(lib_a-s_lib_ver.o)
                0x20000014                __fdlib_version
 *fill*         0x20000015        0x3 
 .data._impure_ptr
                0x20000018        0x4 c:/ac6/systemworkbench/plugins/fr.ac6.mcu.externaltools.arm-none.win32_1.16.0.201807130628/tools/compiler/bin/../lib/gcc/arm-none-eabi/7.2.1/../../../../arm-none-eabi/lib/thumb/v7-m\libc.a(lib_a-impure.o)
                0x20000018                _impure_ptr
 *fill*         0x2000001c        0x4 
 .data.impure_data
                0x20000020      0x428 c:/ac6/systemworkbench/plugins/fr.ac6.mcu.externaltools.arm-none.win32_1.16.0.201807130628/tools/compiler/bin/../lib/gcc/arm-none-eabi/7.2.1/../../../../arm-none-eabi/lib/thumb/v7-m\libc.a(lib_a-impure.o)
 .data.__atexit_recursive_mutex
                0x20000448        0x4 c:/ac6/systemworkbench/plugins/fr.ac6.mcu.externaltools.arm-none.win32_1.16.0.201807130628/tools/compiler/bin/../lib/gcc/arm-none-eabi/7.2.1/../../../../arm-none-eabi/lib/thumb/v7-m\libc.a(lib_a-__call_atexit.o)
                0x20000448                __atexit_recursive_mutex
 .data.__malloc_av_
                0x2000044c      0x408 c:/ac6/systemworkbench/plugins/fr.ac6.mcu.externaltools.arm-none.win32_1.16.0.201807130628/tools/compiler/bin/../lib/gcc/arm-none-eabi/7.2.1/../../../../arm-none-eabi/lib/thumb/v7-m\libc.a(lib_a-mallocr.o)
                0x2000044c                __malloc_av_
 .data.__malloc_sbrk_base
                0x20000854        0x4 c:/ac6/systemworkbench/plugins/fr.ac6.mcu.externaltools.arm-none.win32_1.16.0.201807130628/tools/compiler/bin/../lib/gcc/arm-none-eabi/7.2.1/../../../../arm-none-eabi/lib/thumb/v7-m\libc.a(lib_a-mallocr.o)
                0x20000854                __malloc_sbrk_base
 .data.__malloc_trim_threshold
                0x20000858        0x4 c:/ac6/systemworkbench/plugins/fr.ac6.mcu.externaltools.arm-none.win32_1.16.0.201807130628/tools/compiler/bin/../lib/gcc/arm-none-eabi/7.2.1/../../../../arm-none-eabi/lib/thumb/v7-m\libc.a(lib_a-mallocr.o)
                0x20000858                __malloc_trim_threshold
 .data.__global_locale
                0x2000085c      0x16c c:/ac6/systemworkbench/plugins/fr.ac6.mcu.externaltools.arm-none.win32_1.16.0.201807130628/tools/compiler/bin/../lib/gcc/arm-none-eabi/7.2.1/../../../../arm-none-eabi/lib/thumb/v7-m\libc.a(lib_a-locale.o)
                0x2000085c                __global_locale
                0x200009c8                . = ALIGN (0x4)
                0x200009c8                _edata = .

.igot.plt       0x200009c8        0x0 load address 0x080090cc
 .igot.plt      0x200009c8        0x0 c:/ac6/systemworkbench/plugins/fr.ac6.mcu.externaltools.arm-none.win32_1.16.0.201807130628/tools/compiler/bin/../lib/gcc/arm-none-eabi/7.2.1/thumb/v7-m/crtbegin.o
                0x200009c8                . = ALIGN (0x4)

.bss            0x200009c8       0xe4 load address 0x080090cc
                0x200009c8                _sbss = .
                0x200009c8                __bss_start__ = _sbss
 *(.bss)
 .bss           0x200009c8       0x1c c:/ac6/systemworkbench/plugins/fr.ac6.mcu.externaltools.arm-none.win32_1.16.0.201807130628/tools/compiler/bin/../lib/gcc/arm-none-eabi/7.2.1/thumb/v7-m/crtbegin.o
 .bss           0x200009e4        0x8 src/send.o
                0x200009e4                flag
                0x200009e8                last_ang
 .bss           0x200009ec        0x8 src/syscalls.o
                0x200009ec                __env
 *(.bss*)
 .bss.__malloc_current_mallinfo
                0x200009f4       0x28 c:/ac6/systemworkbench/plugins/fr.ac6.mcu.externaltools.arm-none.win32_1.16.0.201807130628/tools/compiler/bin/../lib/gcc/arm-none-eabi/7.2.1/../../../../arm-none-eabi/lib/thumb/v7-m\libc.a(lib_a-mallocr.o)
                0x200009f4                __malloc_current_mallinfo
 .bss.__malloc_max_sbrked_mem
                0x20000a1c        0x4 c:/ac6/systemworkbench/plugins/fr.ac6.mcu.externaltools.arm-none.win32_1.16.0.201807130628/tools/compiler/bin/../lib/gcc/arm-none-eabi/7.2.1/../../../../arm-none-eabi/lib/thumb/v7-m\libc.a(lib_a-mallocr.o)
                0x20000a1c                __malloc_max_sbrked_mem
 .bss.__malloc_max_total_mem
                0x20000a20        0x4 c:/ac6/systemworkbench/plugins/fr.ac6.mcu.externaltools.arm-none.win32_1.16.0.201807130628/tools/compiler/bin/../lib/gcc/arm-none-eabi/7.2.1/../../../../arm-none-eabi/lib/thumb/v7-m\libc.a(lib_a-mallocr.o)
                0x20000a20                __malloc_max_total_mem
 .bss.__malloc_top_pad
                0x20000a24        0x4 c:/ac6/systemworkbench/plugins/fr.ac6.mcu.externaltools.arm-none.win32_1.16.0.201807130628/tools/compiler/bin/../lib/gcc/arm-none-eabi/7.2.1/../../../../arm-none-eabi/lib/thumb/v7-m\libc.a(lib_a-mallocr.o)
                0x20000a24                __malloc_top_pad
 *(COMMON)
 COMMON         0x20000a28       0x30 src/main.o
                0x20000a28                buff
                0x20000a48                ADC1_Addr
 COMMON         0x20000a58       0x28 src/send.o
                0x20000a58                angulo
                0x20000a5c                maximo
                0x20000a60                Lux
 COMMON         0x20000a80        0x3 src/stm32f10x_it.o
                0x20000a80                ReadValue_1
                0x20000a81                ReadValue
                0x20000a82                ReadValue_0
 *fill*         0x20000a83        0x1 
 COMMON         0x20000a84       0x21 c:/ac6/systemworkbench/plugins/fr.ac6.mcu.externaltools.arm-none.win32_1.16.0.201807130628/tools/compiler/bin/../lib/gcc/arm-none-eabi/7.2.1/../../../../arm-none-eabi/lib/thumb/v7-m\libc.a(lib_a-lock.o)
                0x20000a84                __lock___atexit_recursive_mutex
                0x20000a88                __lock___arc4random_mutex
                0x20000a8c                __lock___env_recursive_mutex
                0x20000a90                __lock___sinit_recursive_mutex
                0x20000a94                __lock___malloc_recursive_mutex
                0x20000a98                __lock___at_quick_exit_mutex
                0x20000a9c                __lock___dd_hash_mutex
                0x20000aa0                __lock___tz_mutex
                0x20000aa4                __lock___sfp_recursive_mutex
 *fill*         0x20000aa5        0x3 
 COMMON         0x20000aa8        0x4 c:/ac6/systemworkbench/plugins/fr.ac6.mcu.externaltools.arm-none.win32_1.16.0.201807130628/tools/compiler/bin/../lib/gcc/arm-none-eabi/7.2.1/../../../../arm-none-eabi/lib/thumb/v7-m\libc.a(lib_a-reent.o)
                0x20000aa8                errno
                0x20000aac                . = ALIGN (0x4)
                0x20000aac                _ebss = .
                0x20000aac                __bss_end__ = _ebss

._user_heap_stack
                0x20000aac      0x404 load address 0x080090cc
                0x20000ab0                . = ALIGN (0x8)
 *fill*         0x20000aac        0x4 
                0x20000ab0                PROVIDE (end, .)
                [!provide]                PROVIDE (_end, .)
                0x20000ab0                . = (. + _Min_Heap_Size)
                0x20000eb0                . = (. + _Min_Stack_Size)
 *fill*         0x20000ab0      0x400 
                0x20000eb0                . = ALIGN (0x8)

/DISCARD/
 libc.a(*)
 libm.a(*)
 libgcc.a(*)

.ARM.attributes
                0x00000000       0x29
 *(.ARM.attributes)
 .ARM.attributes
                0x00000000       0x1d c:/ac6/systemworkbench/plugins/fr.ac6.mcu.externaltools.arm-none.win32_1.16.0.201807130628/tools/compiler/bin/../lib/gcc/arm-none-eabi/7.2.1/thumb/v7-m/crti.o
 .ARM.attributes
                0x0000001d       0x2d c:/ac6/systemworkbench/plugins/fr.ac6.mcu.externaltools.arm-none.win32_1.16.0.201807130628/tools/compiler/bin/../lib/gcc/arm-none-eabi/7.2.1/thumb/v7-m/crtbegin.o
 .ARM.attributes
                0x0000004a       0x33 StdPeriph_Driver/src/misc.o
 .ARM.attributes
                0x0000007d       0x33 StdPeriph_Driver/src/stm32f10x_adc.o
 .ARM.attributes
                0x000000b0       0x33 StdPeriph_Driver/src/stm32f10x_can.o
 .ARM.attributes
                0x000000e3       0x33 StdPeriph_Driver/src/stm32f10x_dma.o
 .ARM.attributes
                0x00000116       0x33 StdPeriph_Driver/src/stm32f10x_exti.o
 .ARM.attributes
                0x00000149       0x33 StdPeriph_Driver/src/stm32f10x_flash.o
 .ARM.attributes
                0x0000017c       0x33 StdPeriph_Driver/src/stm32f10x_gpio.o
 .ARM.attributes
                0x000001af       0x33 StdPeriph_Driver/src/stm32f10x_rcc.o
 .ARM.attributes
                0x000001e2       0x33 StdPeriph_Driver/src/stm32f10x_tim.o
 .ARM.attributes
                0x00000215       0x33 StdPeriph_Driver/src/stm32f10x_usart.o
 .ARM.attributes
                0x00000248       0x33 src/adc.o
 .ARM.attributes
                0x0000027b       0x33 src/hsi.o
 .ARM.attributes
                0x000002ae       0x33 src/init.o
 .ARM.attributes
                0x000002e1       0x33 src/main.o
 .ARM.attributes
                0x00000314       0x33 src/send.o
 .ARM.attributes
                0x00000347       0x33 src/stm32f10x_it.o
 .ARM.attributes
                0x0000037a       0x33 src/syscalls.o
 .ARM.attributes
                0x000003ad       0x21 startup/startup_stm32.o
 .ARM.attributes
                0x000003ce       0x2d c:/ac6/systemworkbench/plugins/fr.ac6.mcu.externaltools.arm-none.win32_1.16.0.201807130628/tools/compiler/bin/../lib/gcc/arm-none-eabi/7.2.1/../../../../arm-none-eabi/lib/thumb/v7-m\libm.a(lib_a-w_pow.o)
 .ARM.attributes
                0x000003fb       0x2d c:/ac6/systemworkbench/plugins/fr.ac6.mcu.externaltools.arm-none.win32_1.16.0.201807130628/tools/compiler/bin/../lib/gcc/arm-none-eabi/7.2.1/../../../../arm-none-eabi/lib/thumb/v7-m\libm.a(lib_a-e_pow.o)
 .ARM.attributes
                0x00000428       0x2d c:/ac6/systemworkbench/plugins/fr.ac6.mcu.externaltools.arm-none.win32_1.16.0.201807130628/tools/compiler/bin/../lib/gcc/arm-none-eabi/7.2.1/../../../../arm-none-eabi/lib/thumb/v7-m\libm.a(lib_a-e_sqrt.o)
 .ARM.attributes
                0x00000455       0x2d c:/ac6/systemworkbench/plugins/fr.ac6.mcu.externaltools.arm-none.win32_1.16.0.201807130628/tools/compiler/bin/../lib/gcc/arm-none-eabi/7.2.1/../../../../arm-none-eabi/lib/thumb/v7-m\libm.a(lib_a-s_fabs.o)
 .ARM.attributes
                0x00000482       0x2d c:/ac6/systemworkbench/plugins/fr.ac6.mcu.externaltools.arm-none.win32_1.16.0.201807130628/tools/compiler/bin/../lib/gcc/arm-none-eabi/7.2.1/../../../../arm-none-eabi/lib/thumb/v7-m\libm.a(lib_a-s_finite.o)
 .ARM.attributes
                0x000004af       0x2d c:/ac6/systemworkbench/plugins/fr.ac6.mcu.externaltools.arm-none.win32_1.16.0.201807130628/tools/compiler/bin/../lib/gcc/arm-none-eabi/7.2.1/../../../../arm-none-eabi/lib/thumb/v7-m\libm.a(lib_a-s_lib_ver.o)
 .ARM.attributes
                0x000004dc       0x2d c:/ac6/systemworkbench/plugins/fr.ac6.mcu.externaltools.arm-none.win32_1.16.0.201807130628/tools/compiler/bin/../lib/gcc/arm-none-eabi/7.2.1/../../../../arm-none-eabi/lib/thumb/v7-m\libm.a(lib_a-s_matherr.o)
 .ARM.attributes
                0x00000509       0x2d c:/ac6/systemworkbench/plugins/fr.ac6.mcu.externaltools.arm-none.win32_1.16.0.201807130628/tools/compiler/bin/../lib/gcc/arm-none-eabi/7.2.1/../../../../arm-none-eabi/lib/thumb/v7-m\libm.a(lib_a-s_nan.o)
 .ARM.attributes
                0x00000536       0x2d c:/ac6/systemworkbench/plugins/fr.ac6.mcu.externaltools.arm-none.win32_1.16.0.201807130628/tools/compiler/bin/../lib/gcc/arm-none-eabi/7.2.1/../../../../arm-none-eabi/lib/thumb/v7-m\libm.a(lib_a-s_rint.o)
 .ARM.attributes
                0x00000563       0x2d c:/ac6/systemworkbench/plugins/fr.ac6.mcu.externaltools.arm-none.win32_1.16.0.201807130628/tools/compiler/bin/../lib/gcc/arm-none-eabi/7.2.1/../../../../arm-none-eabi/lib/thumb/v7-m\libm.a(lib_a-s_scalbn.o)
 .ARM.attributes
                0x00000590       0x2d c:/ac6/systemworkbench/plugins/fr.ac6.mcu.externaltools.arm-none.win32_1.16.0.201807130628/tools/compiler/bin/../lib/gcc/arm-none-eabi/7.2.1/../../../../arm-none-eabi/lib/thumb/v7-m\libm.a(lib_a-s_copysign.o)
 .ARM.attributes
                0x000005bd       0x1d c:/ac6/systemworkbench/plugins/fr.ac6.mcu.externaltools.arm-none.win32_1.16.0.201807130628/tools/compiler/bin/../lib/gcc/arm-none-eabi/7.2.1/thumb/v7-m\libgcc.a(_arm_addsubdf3.o)
 .ARM.attributes
                0x000005da       0x1d c:/ac6/systemworkbench/plugins/fr.ac6.mcu.externaltools.arm-none.win32_1.16.0.201807130628/tools/compiler/bin/../lib/gcc/arm-none-eabi/7.2.1/thumb/v7-m\libgcc.a(_arm_muldivdf3.o)
 .ARM.attributes
                0x000005f7       0x1d c:/ac6/systemworkbench/plugins/fr.ac6.mcu.externaltools.arm-none.win32_1.16.0.201807130628/tools/compiler/bin/../lib/gcc/arm-none-eabi/7.2.1/thumb/v7-m\libgcc.a(_arm_cmpdf2.o)
 .ARM.attributes
                0x00000614       0x1d c:/ac6/systemworkbench/plugins/fr.ac6.mcu.externaltools.arm-none.win32_1.16.0.201807130628/tools/compiler/bin/../lib/gcc/arm-none-eabi/7.2.1/thumb/v7-m\libgcc.a(_arm_unorddf2.o)
 .ARM.attributes
                0x00000631       0x1d c:/ac6/systemworkbench/plugins/fr.ac6.mcu.externaltools.arm-none.win32_1.16.0.201807130628/tools/compiler/bin/../lib/gcc/arm-none-eabi/7.2.1/thumb/v7-m\libgcc.a(_arm_fixdfsi.o)
 .ARM.attributes
                0x0000064e       0x1d c:/ac6/systemworkbench/plugins/fr.ac6.mcu.externaltools.arm-none.win32_1.16.0.201807130628/tools/compiler/bin/../lib/gcc/arm-none-eabi/7.2.1/thumb/v7-m\libgcc.a(_arm_truncdfsf2.o)
 .ARM.attributes
                0x0000066b       0x1d c:/ac6/systemworkbench/plugins/fr.ac6.mcu.externaltools.arm-none.win32_1.16.0.201807130628/tools/compiler/bin/../lib/gcc/arm-none-eabi/7.2.1/thumb/v7-m\libgcc.a(_arm_muldivsf3.o)
 .ARM.attributes
                0x00000688       0x2d c:/ac6/systemworkbench/plugins/fr.ac6.mcu.externaltools.arm-none.win32_1.16.0.201807130628/tools/compiler/bin/../lib/gcc/arm-none-eabi/7.2.1/../../../../arm-none-eabi/lib/thumb/v7-m\libc.a(lib_a-errno.o)
 .ARM.attributes
                0x000006b5       0x2d c:/ac6/systemworkbench/plugins/fr.ac6.mcu.externaltools.arm-none.win32_1.16.0.201807130628/tools/compiler/bin/../lib/gcc/arm-none-eabi/7.2.1/../../../../arm-none-eabi/lib/thumb/v7-m\libc.a(lib_a-impure.o)
 .ARM.attributes
                0x000006e2       0x2d c:/ac6/systemworkbench/plugins/fr.ac6.mcu.externaltools.arm-none.win32_1.16.0.201807130628/tools/compiler/bin/../lib/gcc/arm-none-eabi/7.2.1/../../../../arm-none-eabi/lib/thumb/v7-m\libc.a(lib_a-init.o)
 .ARM.attributes
                0x0000070f       0x2d c:/ac6/systemworkbench/plugins/fr.ac6.mcu.externaltools.arm-none.win32_1.16.0.201807130628/tools/compiler/bin/../lib/gcc/arm-none-eabi/7.2.1/../../../../arm-none-eabi/lib/thumb/v7-m\libc.a(lib_a-memset.o)
 .ARM.attributes
                0x0000073c       0x2d c:/ac6/systemworkbench/plugins/fr.ac6.mcu.externaltools.arm-none.win32_1.16.0.201807130628/tools/compiler/bin/../lib/gcc/arm-none-eabi/7.2.1/../../../../arm-none-eabi/lib/thumb/v7-m\libc.a(lib_a-sprintf.o)
 .ARM.attributes
                0x00000769       0x2d c:/ac6/systemworkbench/plugins/fr.ac6.mcu.externaltools.arm-none.win32_1.16.0.201807130628/tools/compiler/bin/../lib/gcc/arm-none-eabi/7.2.1/../../../../arm-none-eabi/lib/thumb/v7-m\libc.a(lib_a-strlen-stub.o)
 .ARM.attributes
                0x00000796       0x2d c:/ac6/systemworkbench/plugins/fr.ac6.mcu.externaltools.arm-none.win32_1.16.0.201807130628/tools/compiler/bin/../lib/gcc/arm-none-eabi/7.2.1/../../../../arm-none-eabi/lib/thumb/v7-m\libc.a(lib_a-svfprintf.o)
 .ARM.attributes
                0x000007c3       0x2d c:/ac6/systemworkbench/plugins/fr.ac6.mcu.externaltools.arm-none.win32_1.16.0.201807130628/tools/compiler/bin/../lib/gcc/arm-none-eabi/7.2.1/../../../../arm-none-eabi/lib/thumb/v7-m\libc.a(lib_a-__call_atexit.o)
 .ARM.attributes
                0x000007f0       0x2d c:/ac6/systemworkbench/plugins/fr.ac6.mcu.externaltools.arm-none.win32_1.16.0.201807130628/tools/compiler/bin/../lib/gcc/arm-none-eabi/7.2.1/../../../../arm-none-eabi/lib/thumb/v7-m\libc.a(lib_a-atexit.o)
 .ARM.attributes
                0x0000081d       0x2d c:/ac6/systemworkbench/plugins/fr.ac6.mcu.externaltools.arm-none.win32_1.16.0.201807130628/tools/compiler/bin/../lib/gcc/arm-none-eabi/7.2.1/../../../../arm-none-eabi/lib/thumb/v7-m\libc.a(lib_a-dtoa.o)
 .ARM.attributes
                0x0000084a       0x2d c:/ac6/systemworkbench/plugins/fr.ac6.mcu.externaltools.arm-none.win32_1.16.0.201807130628/tools/compiler/bin/../lib/gcc/arm-none-eabi/7.2.1/../../../../arm-none-eabi/lib/thumb/v7-m\libc.a(lib_a-fini.o)
 .ARM.attributes
                0x00000877       0x2d c:/ac6/systemworkbench/plugins/fr.ac6.mcu.externaltools.arm-none.win32_1.16.0.201807130628/tools/compiler/bin/../lib/gcc/arm-none-eabi/7.2.1/../../../../arm-none-eabi/lib/thumb/v7-m\libc.a(lib_a-localeconv.o)
 .ARM.attributes
                0x000008a4       0x2d c:/ac6/systemworkbench/plugins/fr.ac6.mcu.externaltools.arm-none.win32_1.16.0.201807130628/tools/compiler/bin/../lib/gcc/arm-none-eabi/7.2.1/../../../../arm-none-eabi/lib/thumb/v7-m\libc.a(lib_a-lock.o)
 .ARM.attributes
                0x000008d1       0x2d c:/ac6/systemworkbench/plugins/fr.ac6.mcu.externaltools.arm-none.win32_1.16.0.201807130628/tools/compiler/bin/../lib/gcc/arm-none-eabi/7.2.1/../../../../arm-none-eabi/lib/thumb/v7-m\libc.a(lib_a-mallocr.o)
 .ARM.attributes
                0x000008fe       0x2d c:/ac6/systemworkbench/plugins/fr.ac6.mcu.externaltools.arm-none.win32_1.16.0.201807130628/tools/compiler/bin/../lib/gcc/arm-none-eabi/7.2.1/../../../../arm-none-eabi/lib/thumb/v7-m\libc.a(lib_a-memchr-stub.o)
 .ARM.attributes
                0x0000092b       0x1b c:/ac6/systemworkbench/plugins/fr.ac6.mcu.externaltools.arm-none.win32_1.16.0.201807130628/tools/compiler/bin/../lib/gcc/arm-none-eabi/7.2.1/../../../../arm-none-eabi/lib/thumb/v7-m\libc.a(lib_a-memcpy.o)
 .ARM.attributes
                0x00000946       0x2d c:/ac6/systemworkbench/plugins/fr.ac6.mcu.externaltools.arm-none.win32_1.16.0.201807130628/tools/compiler/bin/../lib/gcc/arm-none-eabi/7.2.1/../../../../arm-none-eabi/lib/thumb/v7-m\libc.a(lib_a-mlock.o)
 .ARM.attributes
                0x00000973       0x2d c:/ac6/systemworkbench/plugins/fr.ac6.mcu.externaltools.arm-none.win32_1.16.0.201807130628/tools/compiler/bin/../lib/gcc/arm-none-eabi/7.2.1/../../../../arm-none-eabi/lib/thumb/v7-m\libc.a(lib_a-mprec.o)
 .ARM.attributes
                0x000009a0       0x2d c:/ac6/systemworkbench/plugins/fr.ac6.mcu.externaltools.arm-none.win32_1.16.0.201807130628/tools/compiler/bin/../lib/gcc/arm-none-eabi/7.2.1/../../../../arm-none-eabi/lib/thumb/v7-m\libc.a(lib_a-sbrkr.o)
 .ARM.attributes
                0x000009cd       0x2d c:/ac6/systemworkbench/plugins/fr.ac6.mcu.externaltools.arm-none.win32_1.16.0.201807130628/tools/compiler/bin/../lib/gcc/arm-none-eabi/7.2.1/../../../../arm-none-eabi/lib/thumb/v7-m\libc.a(lib_a-svfiprintf.o)
 .ARM.attributes
                0x000009fa       0x2d c:/ac6/systemworkbench/plugins/fr.ac6.mcu.externaltools.arm-none.win32_1.16.0.201807130628/tools/compiler/bin/../lib/gcc/arm-none-eabi/7.2.1/../../../../arm-none-eabi/lib/thumb/v7-m\libc.a(lib_a-__atexit.o)
 .ARM.attributes
                0x00000a27       0x2d c:/ac6/systemworkbench/plugins/fr.ac6.mcu.externaltools.arm-none.win32_1.16.0.201807130628/tools/compiler/bin/../lib/gcc/arm-none-eabi/7.2.1/../../../../arm-none-eabi/lib/thumb/v7-m\libc.a(lib_a-callocr.o)
 .ARM.attributes
                0x00000a54       0x2d c:/ac6/systemworkbench/plugins/fr.ac6.mcu.externaltools.arm-none.win32_1.16.0.201807130628/tools/compiler/bin/../lib/gcc/arm-none-eabi/7.2.1/../../../../arm-none-eabi/lib/thumb/v7-m\libc.a(lib_a-freer.o)
 .ARM.attributes
                0x00000a81       0x2d c:/ac6/systemworkbench/plugins/fr.ac6.mcu.externaltools.arm-none.win32_1.16.0.201807130628/tools/compiler/bin/../lib/gcc/arm-none-eabi/7.2.1/../../../../arm-none-eabi/lib/thumb/v7-m\libc.a(lib_a-locale.o)
 .ARM.attributes
                0x00000aae       0x2d c:/ac6/systemworkbench/plugins/fr.ac6.mcu.externaltools.arm-none.win32_1.16.0.201807130628/tools/compiler/bin/../lib/gcc/arm-none-eabi/7.2.1/../../../../arm-none-eabi/lib/thumb/v7-m\libc.a(lib_a-mbtowc_r.o)
 .ARM.attributes
                0x00000adb       0x2d c:/ac6/systemworkbench/plugins/fr.ac6.mcu.externaltools.arm-none.win32_1.16.0.201807130628/tools/compiler/bin/../lib/gcc/arm-none-eabi/7.2.1/../../../../arm-none-eabi/lib/thumb/v7-m\libc.a(lib_a-memmove.o)
 .ARM.attributes
                0x00000b08       0x2d c:/ac6/systemworkbench/plugins/fr.ac6.mcu.externaltools.arm-none.win32_1.16.0.201807130628/tools/compiler/bin/../lib/gcc/arm-none-eabi/7.2.1/../../../../arm-none-eabi/lib/thumb/v7-m\libc.a(lib_a-reallocr.o)
 .ARM.attributes
                0x00000b35       0x2d c:/ac6/systemworkbench/plugins/fr.ac6.mcu.externaltools.arm-none.win32_1.16.0.201807130628/tools/compiler/bin/../lib/gcc/arm-none-eabi/7.2.1/../../../../arm-none-eabi/lib/thumb/v7-m\libc.a(lib_a-reent.o)
 .ARM.attributes
                0x00000b62       0x2d c:/ac6/systemworkbench/plugins/fr.ac6.mcu.externaltools.arm-none.win32_1.16.0.201807130628/tools/compiler/bin/../lib/gcc/arm-none-eabi/7.2.1/../../../../arm-none-eabi/lib/thumb/v7-m\libc.a(lib_a-wctomb_r.o)
 .ARM.attributes
                0x00000b8f       0x2d c:/ac6/systemworkbench/plugins/fr.ac6.mcu.externaltools.arm-none.win32_1.16.0.201807130628/tools/compiler/bin/../lib/gcc/arm-none-eabi/7.2.1/../../../../arm-none-eabi/lib/thumb/v7-m\libc.a(lib_a-ctype_.o)
 .ARM.attributes
                0x00000bbc       0x1d c:/ac6/systemworkbench/plugins/fr.ac6.mcu.externaltools.arm-none.win32_1.16.0.201807130628/tools/compiler/bin/../lib/gcc/arm-none-eabi/7.2.1/thumb/v7-m\libgcc.a(_aeabi_uldivmod.o)
 .ARM.attributes
                0x00000bd9       0x2d c:/ac6/systemworkbench/plugins/fr.ac6.mcu.externaltools.arm-none.win32_1.16.0.201807130628/tools/compiler/bin/../lib/gcc/arm-none-eabi/7.2.1/thumb/v7-m\libgcc.a(_udivmoddi4.o)
 .ARM.attributes
                0x00000c06       0x1d c:/ac6/systemworkbench/plugins/fr.ac6.mcu.externaltools.arm-none.win32_1.16.0.201807130628/tools/compiler/bin/../lib/gcc/arm-none-eabi/7.2.1/thumb/v7-m\libgcc.a(_dvmd_tls.o)
 .ARM.attributes
                0x00000c23       0x1d c:/ac6/systemworkbench/plugins/fr.ac6.mcu.externaltools.arm-none.win32_1.16.0.201807130628/tools/compiler/bin/../lib/gcc/arm-none-eabi/7.2.1/thumb/v7-m/crtn.o
OUTPUT(3SO.elf elf32-littlearm)

.debug_info     0x00000000     0x9ee8
 .debug_info    0x00000000      0x4e7 StdPeriph_Driver/src/misc.o
 .debug_info    0x000004e7      0xb70 StdPeriph_Driver/src/stm32f10x_adc.o
 .debug_info    0x00001057      0xb98 StdPeriph_Driver/src/stm32f10x_can.o
 .debug_info    0x00001bef      0x46f StdPeriph_Driver/src/stm32f10x_dma.o
 .debug_info    0x0000205e      0x34b StdPeriph_Driver/src/stm32f10x_exti.o
 .debug_info    0x000023a9      0x7b2 StdPeriph_Driver/src/stm32f10x_flash.o
 .debug_info    0x00002b5b      0x6ec StdPeriph_Driver/src/stm32f10x_gpio.o
 .debug_info    0x00003247      0x89c StdPeriph_Driver/src/stm32f10x_rcc.o
 .debug_info    0x00003ae3     0x1c54 StdPeriph_Driver/src/stm32f10x_tim.o
 .debug_info    0x00005737      0x9e4 StdPeriph_Driver/src/stm32f10x_usart.o
 .debug_info    0x0000611b      0x21c src/adc.o
 .debug_info    0x00006337       0xff src/hsi.o
 .debug_info    0x00006436      0xa32 src/init.o
 .debug_info    0x00006e68      0xb01 src/main.o
 .debug_info    0x00007969      0xeb7 src/send.o
 .debug_info    0x00008820      0x778 src/stm32f10x_it.o
 .debug_info    0x00008f98      0xf2e src/syscalls.o
 .debug_info    0x00009ec6       0x22 startup/startup_stm32.o

.debug_abbrev   0x00000000     0x1d03
 .debug_abbrev  0x00000000      0x186 StdPeriph_Driver/src/misc.o
 .debug_abbrev  0x00000186      0x1b0 StdPeriph_Driver/src/stm32f10x_adc.o
 .debug_abbrev  0x00000336      0x20b StdPeriph_Driver/src/stm32f10x_can.o
 .debug_abbrev  0x00000541      0x187 StdPeriph_Driver/src/stm32f10x_dma.o
 .debug_abbrev  0x000006c8      0x16f StdPeriph_Driver/src/stm32f10x_exti.o
 .debug_abbrev  0x00000837      0x1a7 StdPeriph_Driver/src/stm32f10x_flash.o
 .debug_abbrev  0x000009de      0x1e4 StdPeriph_Driver/src/stm32f10x_gpio.o
 .debug_abbrev  0x00000bc2      0x1d4 StdPeriph_Driver/src/stm32f10x_rcc.o
 .debug_abbrev  0x00000d96      0x1c8 StdPeriph_Driver/src/stm32f10x_tim.o
 .debug_abbrev  0x00000f5e      0x194 StdPeriph_Driver/src/stm32f10x_usart.o
 .debug_abbrev  0x000010f2       0xdf src/adc.o
 .debug_abbrev  0x000011d1       0x9c src/hsi.o
 .debug_abbrev  0x0000126d      0x160 src/init.o
 .debug_abbrev  0x000013cd      0x26d src/main.o
 .debug_abbrev  0x0000163a      0x2ab src/send.o
 .debug_abbrev  0x000018e5      0x162 src/stm32f10x_it.o
 .debug_abbrev  0x00001a47      0x2aa src/syscalls.o
 .debug_abbrev  0x00001cf1       0x12 startup/startup_stm32.o

.debug_aranges  0x00000000      0xd28
 .debug_aranges
                0x00000000       0x40 StdPeriph_Driver/src/misc.o
 .debug_aranges
                0x00000040      0x138 StdPeriph_Driver/src/stm32f10x_adc.o
 .debug_aranges
                0x00000178       0xe0 StdPeriph_Driver/src/stm32f10x_can.o
 .debug_aranges
                0x00000258       0x70 StdPeriph_Driver/src/stm32f10x_dma.o
 .debug_aranges
                0x000002c8       0x58 StdPeriph_Driver/src/stm32f10x_exti.o
 .debug_aranges
                0x00000320       0xf8 StdPeriph_Driver/src/stm32f10x_flash.o
 .debug_aranges
                0x00000418       0xa8 StdPeriph_Driver/src/stm32f10x_gpio.o
 .debug_aranges
                0x000004c0      0x118 StdPeriph_Driver/src/stm32f10x_rcc.o
 .debug_aranges
                0x000005d8      0x2f0 StdPeriph_Driver/src/stm32f10x_tim.o
 .debug_aranges
                0x000008c8      0x100 StdPeriph_Driver/src/stm32f10x_usart.o
 .debug_aranges
                0x000009c8       0x20 src/adc.o
 .debug_aranges
                0x000009e8       0x20 src/hsi.o
 .debug_aranges
                0x00000a08       0x30 src/init.o
 .debug_aranges
                0x00000a38       0x28 src/main.o
 .debug_aranges
                0x00000a60       0x38 src/send.o
 .debug_aranges
                0x00000a98      0x1b8 src/stm32f10x_it.o
 .debug_aranges
                0x00000c50       0xb0 src/syscalls.o
 .debug_aranges
                0x00000d00       0x28 startup/startup_stm32.o

.debug_ranges   0x00000000      0xc10
 .debug_ranges  0x00000000       0x30 StdPeriph_Driver/src/misc.o
 .debug_ranges  0x00000030      0x128 StdPeriph_Driver/src/stm32f10x_adc.o
 .debug_ranges  0x00000158       0xd0 StdPeriph_Driver/src/stm32f10x_can.o
 .debug_ranges  0x00000228       0x60 StdPeriph_Driver/src/stm32f10x_dma.o
 .debug_ranges  0x00000288       0x48 StdPeriph_Driver/src/stm32f10x_exti.o
 .debug_ranges  0x000002d0       0xe8 StdPeriph_Driver/src/stm32f10x_flash.o
 .debug_ranges  0x000003b8       0x98 StdPeriph_Driver/src/stm32f10x_gpio.o
 .debug_ranges  0x00000450      0x108 StdPeriph_Driver/src/stm32f10x_rcc.o
 .debug_ranges  0x00000558      0x2e0 StdPeriph_Driver/src/stm32f10x_tim.o
 .debug_ranges  0x00000838       0xf0 StdPeriph_Driver/src/stm32f10x_usart.o
 .debug_ranges  0x00000928       0x10 src/adc.o
 .debug_ranges  0x00000938       0x10 src/hsi.o
 .debug_ranges  0x00000948       0x20 src/init.o
 .debug_ranges  0x00000968       0x18 src/main.o
 .debug_ranges  0x00000980       0x28 src/send.o
 .debug_ranges  0x000009a8      0x1a8 src/stm32f10x_it.o
 .debug_ranges  0x00000b50       0xa0 src/syscalls.o
 .debug_ranges  0x00000bf0       0x20 startup/startup_stm32.o

.debug_macro    0x00000000     0xfd94
 .debug_macro   0x00000000      0x18b StdPeriph_Driver/src/misc.o
 .debug_macro   0x0000018b       0x56 StdPeriph_Driver/src/misc.o
 .debug_macro   0x000001e1       0x22 StdPeriph_Driver/src/misc.o
 .debug_macro   0x00000203      0x69f StdPeriph_Driver/src/misc.o
 .debug_macro   0x000008a2     0x7dbe StdPeriph_Driver/src/misc.o
 .debug_macro   0x00008660      0x2df StdPeriph_Driver/src/misc.o
 .debug_macro   0x0000893f      0x144 StdPeriph_Driver/src/misc.o
 .debug_macro   0x00008a83      0x3cf StdPeriph_Driver/src/misc.o
 .debug_macro   0x00008e52       0xc8 StdPeriph_Driver/src/misc.o
 .debug_macro   0x00008f1a      0x17a StdPeriph_Driver/src/misc.o
 .debug_macro   0x00009094       0xac StdPeriph_Driver/src/misc.o
 .debug_macro   0x00009140      0x3ad StdPeriph_Driver/src/misc.o
 .debug_macro   0x000094ed       0x9a StdPeriph_Driver/src/misc.o
 .debug_macro   0x00009587      0x2cf StdPeriph_Driver/src/misc.o
 .debug_macro   0x00009856      0x279 StdPeriph_Driver/src/misc.o
 .debug_macro   0x00009acf      0x2ac StdPeriph_Driver/src/misc.o
 .debug_macro   0x00009d7b      0x2b1 StdPeriph_Driver/src/misc.o
 .debug_macro   0x0000a02c       0x64 StdPeriph_Driver/src/misc.o
 .debug_macro   0x0000a090       0x82 StdPeriph_Driver/src/misc.o
 .debug_macro   0x0000a112      0x3e2 StdPeriph_Driver/src/misc.o
 .debug_macro   0x0000a4f4       0x58 StdPeriph_Driver/src/misc.o
 .debug_macro   0x0000a54c      0x341 StdPeriph_Driver/src/misc.o
 .debug_macro   0x0000a88d      0x2c4 StdPeriph_Driver/src/misc.o
 .debug_macro   0x0000ab51      0x711 StdPeriph_Driver/src/misc.o
 .debug_macro   0x0000b262      0x220 StdPeriph_Driver/src/misc.o
 .debug_macro   0x0000b482       0x34 StdPeriph_Driver/src/misc.o
 .debug_macro   0x0000b4b6       0x35 StdPeriph_Driver/src/misc.o
 .debug_macro   0x0000b4eb       0x85 StdPeriph_Driver/src/misc.o
 .debug_macro   0x0000b570      0x285 StdPeriph_Driver/src/stm32f10x_adc.o
 .debug_macro   0x0000b7f5      0x13e StdPeriph_Driver/src/stm32f10x_adc.o
 .debug_macro   0x0000b933       0x8b StdPeriph_Driver/src/stm32f10x_adc.o
 .debug_macro   0x0000b9be      0x1dd StdPeriph_Driver/src/stm32f10x_can.o
 .debug_macro   0x0000bb9b      0x3c9 StdPeriph_Driver/src/stm32f10x_can.o
 .debug_macro   0x0000bf64      0x1dd StdPeriph_Driver/src/stm32f10x_dma.o
 .debug_macro   0x0000c141      0x3a7 StdPeriph_Driver/src/stm32f10x_dma.o
 .debug_macro   0x0000c4e8      0x18b StdPeriph_Driver/src/stm32f10x_exti.o
 .debug_macro   0x0000c673       0x94 StdPeriph_Driver/src/stm32f10x_exti.o
 .debug_macro   0x0000c707      0x22d StdPeriph_Driver/src/stm32f10x_flash.o
 .debug_macro   0x0000c934      0x2c9 StdPeriph_Driver/src/stm32f10x_flash.o
 .debug_macro   0x0000cbfd      0x1d7 StdPeriph_Driver/src/stm32f10x_gpio.o
 .debug_macro   0x0000cdd4      0x2a6 StdPeriph_Driver/src/stm32f10x_gpio.o
 .debug_macro   0x0000d07a      0x2a1 StdPeriph_Driver/src/stm32f10x_rcc.o
 .debug_macro   0x0000d31b      0x3dc StdPeriph_Driver/src/stm32f10x_rcc.o
 .debug_macro   0x0000d6f7      0x1a1 StdPeriph_Driver/src/stm32f10x_tim.o
 .debug_macro   0x0000d898      0x70b StdPeriph_Driver/src/stm32f10x_tim.o
 .debug_macro   0x0000dfa3      0x23d StdPeriph_Driver/src/stm32f10x_usart.o
 .debug_macro   0x0000e1e0      0x21a StdPeriph_Driver/src/stm32f10x_usart.o
 .debug_macro   0x0000e3fa      0x189 src/adc.o
 .debug_macro   0x0000e583      0x189 src/hsi.o
 .debug_macro   0x0000e70c      0x189 src/init.o
 .debug_macro   0x0000e895      0x312 src/main.o
 .debug_macro   0x0000eba7       0xee src/main.o
 .debug_macro   0x0000ec95      0x174 src/main.o
 .debug_macro   0x0000ee09       0x10 src/main.o
 .debug_macro   0x0000ee19       0x10 src/main.o
 .debug_macro   0x0000ee29       0x10 src/main.o
 .debug_macro   0x0000ee39       0x35 src/main.o
 .debug_macro   0x0000ee6e      0x1e1 src/main.o
 .debug_macro   0x0000f04f      0x22c src/send.o
 .debug_macro   0x0000f27b      0x185 src/stm32f10x_it.o
 .debug_macro   0x0000f400      0x243 src/syscalls.o
 .debug_macro   0x0000f643       0x52 src/syscalls.o
 .debug_macro   0x0000f695       0x8d src/syscalls.o
 .debug_macro   0x0000f722       0x57 src/syscalls.o
 .debug_macro   0x0000f779      0x122 src/syscalls.o
 .debug_macro   0x0000f89b       0x16 src/syscalls.o
 .debug_macro   0x0000f8b1       0x16 src/syscalls.o
 .debug_macro   0x0000f8c7       0x29 src/syscalls.o
 .debug_macro   0x0000f8f0       0x10 src/syscalls.o
 .debug_macro   0x0000f900      0x241 src/syscalls.o
 .debug_macro   0x0000fb41       0x1c src/syscalls.o
 .debug_macro   0x0000fb5d       0x10 src/syscalls.o
 .debug_macro   0x0000fb6d      0x189 src/syscalls.o
 .debug_macro   0x0000fcf6       0x16 src/syscalls.o
 .debug_macro   0x0000fd0c       0x88 src/syscalls.o

.debug_line     0x00000000     0x80cd
 .debug_line    0x00000000      0x5bc StdPeriph_Driver/src/misc.o
 .debug_line    0x000005bc      0x8a8 StdPeriph_Driver/src/stm32f10x_adc.o
 .debug_line    0x00000e64      0x8da StdPeriph_Driver/src/stm32f10x_can.o
 .debug_line    0x0000173e      0x6a6 StdPeriph_Driver/src/stm32f10x_dma.o
 .debug_line    0x00001de4      0x613 StdPeriph_Driver/src/stm32f10x_exti.o
 .debug_line    0x000023f7      0x838 StdPeriph_Driver/src/stm32f10x_flash.o
 .debug_line    0x00002c2f      0x73d StdPeriph_Driver/src/stm32f10x_gpio.o
 .debug_line    0x0000336c      0x839 StdPeriph_Driver/src/stm32f10x_rcc.o
 .debug_line    0x00003ba5      0xebe StdPeriph_Driver/src/stm32f10x_tim.o
 .debug_line    0x00004a63      0x80b StdPeriph_Driver/src/stm32f10x_usart.o
 .debug_line    0x0000526e      0x57b src/adc.o
 .debug_line    0x000057e9      0x591 src/hsi.o
 .debug_line    0x00005d7a      0x60d src/init.o
 .debug_line    0x00006387      0x722 src/main.o
 .debug_line    0x00006aa9      0x6be src/send.o
 .debug_line    0x00007167      0x911 src/stm32f10x_it.o
 .debug_line    0x00007a78      0x5df src/syscalls.o
 .debug_line    0x00008057       0x76 startup/startup_stm32.o

.debug_str      0x00000000    0x57f05
 .debug_str     0x00000000    0x4d29e StdPeriph_Driver/src/misc.o
                              0x4d416 (size before relaxing)
 .debug_str     0x0004d29e      0xb6d StdPeriph_Driver/src/stm32f10x_adc.o
                              0x4dd6a (size before relaxing)
 .debug_str     0x0004de0b      0x701 StdPeriph_Driver/src/stm32f10x_can.o
                              0x4d94e (size before relaxing)
 .debug_str     0x0004e50c      0x6d6 StdPeriph_Driver/src/stm32f10x_dma.o
                              0x4d8be (size before relaxing)
 .debug_str     0x0004ebe2      0x1ce StdPeriph_Driver/src/stm32f10x_exti.o
                              0x4d39f (size before relaxing)
 .debug_str     0x0004edb0      0x7f6 StdPeriph_Driver/src/stm32f10x_flash.o
                              0x4da00 (size before relaxing)
 .debug_str     0x0004f5a6      0x5a4 StdPeriph_Driver/src/stm32f10x_gpio.o
                              0x4d78e (size before relaxing)
 .debug_str     0x0004fb4a      0xb59 StdPeriph_Driver/src/stm32f10x_rcc.o
                              0x4dd74 (size before relaxing)
 .debug_str     0x000506a3      0xc0b StdPeriph_Driver/src/stm32f10x_tim.o
                              0x4de92 (size before relaxing)
 .debug_str     0x000512ae      0x7e9 StdPeriph_Driver/src/stm32f10x_usart.o
                              0x4da9e (size before relaxing)
 .debug_str     0x00051a97       0x29 src/adc.o
                              0x4d225 (size before relaxing)
 .debug_str     0x00051ac0       0x2f src/hsi.o
                              0x4d1d7 (size before relaxing)
 .debug_str     0x00051aef       0xb2 src/init.o
                              0x4d878 (size before relaxing)
 .debug_str     0x00051ba1     0x4701 src/main.o
                              0x51a78 (size before relaxing)
 .debug_str     0x000562a2       0x57 src/send.o
                              0x50bd7 (size before relaxing)
 .debug_str     0x000562f9      0x416 src/stm32f10x_it.o
                              0x4d703 (size before relaxing)
 .debug_str     0x0005670f     0x17cc src/syscalls.o
                               0x86ab (size before relaxing)
 .debug_str     0x00057edb       0x2a startup/startup_stm32.o
                                 0x4e (size before relaxing)

.comment        0x00000000       0x7e
 .comment       0x00000000       0x7e StdPeriph_Driver/src/misc.o
                                 0x7f (size before relaxing)
 .comment       0x0000007e       0x7f StdPeriph_Driver/src/stm32f10x_adc.o
 .comment       0x0000007e       0x7f StdPeriph_Driver/src/stm32f10x_can.o
 .comment       0x0000007e       0x7f StdPeriph_Driver/src/stm32f10x_dma.o
 .comment       0x0000007e       0x7f StdPeriph_Driver/src/stm32f10x_exti.o
 .comment       0x0000007e       0x7f StdPeriph_Driver/src/stm32f10x_flash.o
 .comment       0x0000007e       0x7f StdPeriph_Driver/src/stm32f10x_gpio.o
 .comment       0x0000007e       0x7f StdPeriph_Driver/src/stm32f10x_rcc.o
 .comment       0x0000007e       0x7f StdPeriph_Driver/src/stm32f10x_tim.o
 .comment       0x0000007e       0x7f StdPeriph_Driver/src/stm32f10x_usart.o
 .comment       0x0000007e       0x7f src/adc.o
 .comment       0x0000007e       0x7f src/hsi.o
 .comment       0x0000007e       0x7f src/init.o
 .comment       0x0000007e       0x7f src/main.o
 .comment       0x0000007e       0x7f src/send.o
 .comment       0x0000007e       0x7f src/stm32f10x_it.o
 .comment       0x0000007e       0x7f src/syscalls.o

.debug_frame    0x00000000     0x45e0
 .debug_frame   0x00000000       0xd8 StdPeriph_Driver/src/misc.o
 .debug_frame   0x000000d8      0x5a4 StdPeriph_Driver/src/stm32f10x_adc.o
 .debug_frame   0x0000067c      0x3f4 StdPeriph_Driver/src/stm32f10x_can.o
 .debug_frame   0x00000a70      0x1c8 StdPeriph_Driver/src/stm32f10x_dma.o
 .debug_frame   0x00000c38      0x148 StdPeriph_Driver/src/stm32f10x_exti.o
 .debug_frame   0x00000d80      0x410 StdPeriph_Driver/src/stm32f10x_flash.o
 .debug_frame   0x00001190      0x2d0 StdPeriph_Driver/src/stm32f10x_gpio.o
 .debug_frame   0x00001460      0x4f4 StdPeriph_Driver/src/stm32f10x_rcc.o
 .debug_frame   0x00001954      0xe2c StdPeriph_Driver/src/stm32f10x_tim.o
 .debug_frame   0x00002780      0x490 StdPeriph_Driver/src/stm32f10x_usart.o
 .debug_frame   0x00002c10       0x2c src/adc.o
 .debug_frame   0x00002c3c       0x2c src/hsi.o
 .debug_frame   0x00002c68       0x7c src/init.o
 .debug_frame   0x00002ce4       0x50 src/main.o
 .debug_frame   0x00002d34       0xb0 src/send.o
 .debug_frame   0x00002de4      0x670 src/stm32f10x_it.o
 .debug_frame   0x00003454      0x2d0 src/syscalls.o
 .debug_frame   0x00003724       0x48 c:/ac6/systemworkbench/plugins/fr.ac6.mcu.externaltools.arm-none.win32_1.16.0.201807130628/tools/compiler/bin/../lib/gcc/arm-none-eabi/7.2.1/../../../../arm-none-eabi/lib/thumb/v7-m\libm.a(lib_a-w_pow.o)
 .debug_frame   0x0000376c       0x68 c:/ac6/systemworkbench/plugins/fr.ac6.mcu.externaltools.arm-none.win32_1.16.0.201807130628/tools/compiler/bin/../lib/gcc/arm-none-eabi/7.2.1/../../../../arm-none-eabi/lib/thumb/v7-m\libm.a(lib_a-e_pow.o)
 .debug_frame   0x000037d4       0x30 c:/ac6/systemworkbench/plugins/fr.ac6.mcu.externaltools.arm-none.win32_1.16.0.201807130628/tools/compiler/bin/../lib/gcc/arm-none-eabi/7.2.1/../../../../arm-none-eabi/lib/thumb/v7-m\libm.a(lib_a-e_sqrt.o)
 .debug_frame   0x00003804       0x20 c:/ac6/systemworkbench/plugins/fr.ac6.mcu.externaltools.arm-none.win32_1.16.0.201807130628/tools/compiler/bin/../lib/gcc/arm-none-eabi/7.2.1/../../../../arm-none-eabi/lib/thumb/v7-m\libm.a(lib_a-s_fabs.o)
 .debug_frame   0x00003824       0x20 c:/ac6/systemworkbench/plugins/fr.ac6.mcu.externaltools.arm-none.win32_1.16.0.201807130628/tools/compiler/bin/../lib/gcc/arm-none-eabi/7.2.1/../../../../arm-none-eabi/lib/thumb/v7-m\libm.a(lib_a-s_finite.o)
 .debug_frame   0x00003844       0x20 c:/ac6/systemworkbench/plugins/fr.ac6.mcu.externaltools.arm-none.win32_1.16.0.201807130628/tools/compiler/bin/../lib/gcc/arm-none-eabi/7.2.1/../../../../arm-none-eabi/lib/thumb/v7-m\libm.a(lib_a-s_matherr.o)
 .debug_frame   0x00003864       0x20 c:/ac6/systemworkbench/plugins/fr.ac6.mcu.externaltools.arm-none.win32_1.16.0.201807130628/tools/compiler/bin/../lib/gcc/arm-none-eabi/7.2.1/../../../../arm-none-eabi/lib/thumb/v7-m\libm.a(lib_a-s_nan.o)
 .debug_frame   0x00003884       0x38 c:/ac6/systemworkbench/plugins/fr.ac6.mcu.externaltools.arm-none.win32_1.16.0.201807130628/tools/compiler/bin/../lib/gcc/arm-none-eabi/7.2.1/../../../../arm-none-eabi/lib/thumb/v7-m\libm.a(lib_a-s_rint.o)
 .debug_frame   0x000038bc       0x30 c:/ac6/systemworkbench/plugins/fr.ac6.mcu.externaltools.arm-none.win32_1.16.0.201807130628/tools/compiler/bin/../lib/gcc/arm-none-eabi/7.2.1/../../../../arm-none-eabi/lib/thumb/v7-m\libm.a(lib_a-s_scalbn.o)
 .debug_frame   0x000038ec       0x20 c:/ac6/systemworkbench/plugins/fr.ac6.mcu.externaltools.arm-none.win32_1.16.0.201807130628/tools/compiler/bin/../lib/gcc/arm-none-eabi/7.2.1/../../../../arm-none-eabi/lib/thumb/v7-m\libm.a(lib_a-s_copysign.o)
 .debug_frame   0x0000390c       0xac c:/ac6/systemworkbench/plugins/fr.ac6.mcu.externaltools.arm-none.win32_1.16.0.201807130628/tools/compiler/bin/../lib/gcc/arm-none-eabi/7.2.1/thumb/v7-m\libgcc.a(_arm_addsubdf3.o)
 .debug_frame   0x000039b8       0x50 c:/ac6/systemworkbench/plugins/fr.ac6.mcu.externaltools.arm-none.win32_1.16.0.201807130628/tools/compiler/bin/../lib/gcc/arm-none-eabi/7.2.1/thumb/v7-m\libgcc.a(_arm_muldivdf3.o)
 .debug_frame   0x00003a08       0xc4 c:/ac6/systemworkbench/plugins/fr.ac6.mcu.externaltools.arm-none.win32_1.16.0.201807130628/tools/compiler/bin/../lib/gcc/arm-none-eabi/7.2.1/thumb/v7-m\libgcc.a(_arm_cmpdf2.o)
 .debug_frame   0x00003acc       0x20 c:/ac6/systemworkbench/plugins/fr.ac6.mcu.externaltools.arm-none.win32_1.16.0.201807130628/tools/compiler/bin/../lib/gcc/arm-none-eabi/7.2.1/thumb/v7-m\libgcc.a(_arm_unorddf2.o)
 .debug_frame   0x00003aec       0x24 c:/ac6/systemworkbench/plugins/fr.ac6.mcu.externaltools.arm-none.win32_1.16.0.201807130628/tools/compiler/bin/../lib/gcc/arm-none-eabi/7.2.1/thumb/v7-m\libgcc.a(_arm_fixdfsi.o)
 .debug_frame   0x00003b10       0x24 c:/ac6/systemworkbench/plugins/fr.ac6.mcu.externaltools.arm-none.win32_1.16.0.201807130628/tools/compiler/bin/../lib/gcc/arm-none-eabi/7.2.1/thumb/v7-m\libgcc.a(_arm_truncdfsf2.o)
 .debug_frame   0x00003b34       0x38 c:/ac6/systemworkbench/plugins/fr.ac6.mcu.externaltools.arm-none.win32_1.16.0.201807130628/tools/compiler/bin/../lib/gcc/arm-none-eabi/7.2.1/thumb/v7-m\libgcc.a(_arm_muldivsf3.o)
 .debug_frame   0x00003b6c       0x20 c:/ac6/systemworkbench/plugins/fr.ac6.mcu.externaltools.arm-none.win32_1.16.0.201807130628/tools/compiler/bin/../lib/gcc/arm-none-eabi/7.2.1/../../../../arm-none-eabi/lib/thumb/v7-m\libc.a(lib_a-errno.o)
 .debug_frame   0x00003b8c       0x2c c:/ac6/systemworkbench/plugins/fr.ac6.mcu.externaltools.arm-none.win32_1.16.0.201807130628/tools/compiler/bin/../lib/gcc/arm-none-eabi/7.2.1/../../../../arm-none-eabi/lib/thumb/v7-m\libc.a(lib_a-init.o)
 .debug_frame   0x00003bb8       0x38 c:/ac6/systemworkbench/plugins/fr.ac6.mcu.externaltools.arm-none.win32_1.16.0.201807130628/tools/compiler/bin/../lib/gcc/arm-none-eabi/7.2.1/../../../../arm-none-eabi/lib/thumb/v7-m\libc.a(lib_a-memset.o)
 .debug_frame   0x00003bf0       0x80 c:/ac6/systemworkbench/plugins/fr.ac6.mcu.externaltools.arm-none.win32_1.16.0.201807130628/tools/compiler/bin/../lib/gcc/arm-none-eabi/7.2.1/../../../../arm-none-eabi/lib/thumb/v7-m\libc.a(lib_a-sprintf.o)
 .debug_frame   0x00003c70       0x20 c:/ac6/systemworkbench/plugins/fr.ac6.mcu.externaltools.arm-none.win32_1.16.0.201807130628/tools/compiler/bin/../lib/gcc/arm-none-eabi/7.2.1/../../../../arm-none-eabi/lib/thumb/v7-m\libc.a(lib_a-strlen-stub.o)
 .debug_frame   0x00003c90       0x40 c:/ac6/systemworkbench/plugins/fr.ac6.mcu.externaltools.arm-none.win32_1.16.0.201807130628/tools/compiler/bin/../lib/gcc/arm-none-eabi/7.2.1/../../../../arm-none-eabi/lib/thumb/v7-m\libc.a(lib_a-svfprintf.o)
 .debug_frame   0x00003cd0       0x5c c:/ac6/systemworkbench/plugins/fr.ac6.mcu.externaltools.arm-none.win32_1.16.0.201807130628/tools/compiler/bin/../lib/gcc/arm-none-eabi/7.2.1/../../../../arm-none-eabi/lib/thumb/v7-m\libc.a(lib_a-__call_atexit.o)
 .debug_frame   0x00003d2c       0x20 c:/ac6/systemworkbench/plugins/fr.ac6.mcu.externaltools.arm-none.win32_1.16.0.201807130628/tools/compiler/bin/../lib/gcc/arm-none-eabi/7.2.1/../../../../arm-none-eabi/lib/thumb/v7-m\libc.a(lib_a-atexit.o)
 .debug_frame   0x00003d4c       0x88 c:/ac6/systemworkbench/plugins/fr.ac6.mcu.externaltools.arm-none.win32_1.16.0.201807130628/tools/compiler/bin/../lib/gcc/arm-none-eabi/7.2.1/../../../../arm-none-eabi/lib/thumb/v7-m\libc.a(lib_a-dtoa.o)
 .debug_frame   0x00003dd4       0x34 c:/ac6/systemworkbench/plugins/fr.ac6.mcu.externaltools.arm-none.win32_1.16.0.201807130628/tools/compiler/bin/../lib/gcc/arm-none-eabi/7.2.1/../../../../arm-none-eabi/lib/thumb/v7-m\libc.a(lib_a-fini.o)
 .debug_frame   0x00003e08       0x40 c:/ac6/systemworkbench/plugins/fr.ac6.mcu.externaltools.arm-none.win32_1.16.0.201807130628/tools/compiler/bin/../lib/gcc/arm-none-eabi/7.2.1/../../../../arm-none-eabi/lib/thumb/v7-m\libc.a(lib_a-localeconv.o)